Microchip MPLAB XC8 Compiler V1.37 ()

Linker command line:

-W-3 --edf=C:\Program Files (x86)\Microchip\xc8\v1.37\dat\en_msgs.txt -cs \
  -h+dist/C18_18F252/production\BOLID-C2000-BI.production.sym \
  --cmf=dist/C18_18F252/production\BOLID-C2000-BI.production.cmf -z \
  -Q18F252 -oC:\Users\denis\AppData\Local\Temp\s510.2 \
  -Mdist/C18_18F252/production/BOLID-C2000-BI.production.map -E1 -ver=XC8 \
  -ASTACK=0300h-05ffh -pstack=STACK -ACODE=00h-03FFFh,04000h-07DBBh \
  -ACONST=00h-07DBBh -ASMALLCONST=0600h-06FFhx119,07D00h-07DBBh \
  -AMEDIUMCONST=0600h-07DBBh -ACOMRAM=01h-07Fh -AABS1=00h-05FFh \
  -ABIGRAM=01h-05FFh -ARAM=080h-0FFh,0100h-01FFhx5 -ABANK0=080h-0FFh \
  -ABANK1=0100h-01FFh -ABANK2=0200h-02FFh -ABANK3=0300h-03FFh \
  -ABANK4=0400h-04FFh -ABANK5=0500h-05FFh -ASFR=0F80h-0FFFh \
  -preset_vec=00h,intcode=08h,intcodelo=018h,powerup,init,end_init \
  -pramtop=0600h -psmallconst=SMALLCONST -pmediumconst=MEDIUMCONST \
  -pconst=CONST -AFARRAM=00h-00h -ACONFIG=0300000h-030000Dh -pconfig=CONFIG \
  -AIDLOC=0200000h-0200007h -pidloc=IDLOC -AEEDATA=0F00000h-0F000FFh \
  -peeprom_data=EEDATA \
  -prdata=COMRAM,nvrram=COMRAM,nvbit=COMRAM,rbss=COMRAM,rbit=COMRAM \
  -pfarbss=FARRAM,fardata=FARRAM,nvFARRAM=FARRAM \
  -pintsave_regs=BIGRAM,bigbss=BIGRAM,bigdata=BIGRAM -pbss=RAM \
  -pidata=CODE,irdata=CODE,ibigdata=CODE,ifardata=CODE -prparam=COMRAM \
  C:\Users\denis\AppData\Local\Temp\s510.obj \
  dist/C18_18F252/production\BOLID-C2000-BI.production.obj 

Object code version is 3.11

Machine type is 18F252

Call graph: (short form)




                Name                               Link     Load   Length Selector   Space Scale
C:\Users\denis\AppData\Local\Temp\s510.obj
                end_init                             80       80        4        C       0
                text                               2B9A     2B9A        2     15CD       0
                reset_vec                             0        0        6        0       0
                idloc                            200000   200000        8   200000       0
                config                           300000   300000        E   300000       0
dist/C18_18F252/production\BOLID-C2000-BI.production.obj
                eeprom_data                      F00000   F00000       18   F00000       0
                intcodelo                            18       18       68        C       0
                intcode                               8        8        A        4       0
                temp                                 78       78        1        1       1
                smallconst                          600      600       6E      300       0
                intcode_body                       2616     2616       58      337       0
                text59                             2B62     2B62       10      337       0
                text58                             2B90     2B90        6      337       0
                text57                             2B72     2B72        E      337       0
                text56                             2AF6     2AF6       1A      337       0
                text55                             2326     2326       86      337       0
                text54                             2A80     2A80       20      337       0
                text53                             2B88     2B88        8      337       0
                text52                             293E     293E       36      337       0
                text51                             287A     287A       44      337       0
                text50                             23AC     23AC       74      337       0
                text49                             2900     2900       3E      337       0
                text48                             2A30     2A30       2A      337       0
                text47                             275A     275A       4C      337       0
                text46                             16C8     16C8      12C      337       0
                text45                             18FE     18FE      10A      337       0
                text44                             1CEA     1CEA       CA      337       0
                text43                             2420     2420       6E      337       0
                text42                             2096     2096       AC      337       0
                text41                             1F32     1F32       B6      337       0
                text40                             255A     255A       60      337       0
                text39                             1430     1430      162      337       0
                text38                             21E6     21E6       A2      337       0
                text37                             25BA     25BA       5C      337       0
                text36                             2B10     2B10       18      337       0
                text35                              EE4      EE4      260      337       0
                text34                             12C0     12C0      170      337       0
                text33                              980      980      2F2      337       0
                text32                             2A04     2A04       2C      337       0
                text31                             17F4     17F4      10A      337       0
                text30                             2B80     2B80        8      337       0
                text29                             2974     2974       32      337       0
                text28                             2ADA     2ADA       1C      337       0
                text27                             1FE8     1FE8       AE      337       0
                text26                             1C00     1C00       EA      337       0
                text25                             2A5A     2A5A       26      337       0
                text24                             1E76     1E76       BC      337       0
                text23                             2834     2834       46      337       0
                text22                              C72      C72      272      337       0
                text21                             28BE     28BE       42      337       0
                text20                             1B0A     1B0A       F6      337       0
                text19                             270E     270E       4C      337       0
                text18                             248E     248E       68      337       0
                text17                             2B3C     2B3C       14      337       0
                text16                             2B28     2B28       14      337       0
                text15                             2288     2288       9E      337       0
                text14                             29D6     29D6       2E      337       0
                text13                             2ABE     2ABE       1C      337       0
                text12                             2AA0     2AA0       1E      337       0
                text11                             27A6     27A6       48      337       0
                text10                             26C2     26C2       4C      337       0
                text9                              266E     266E       54      337       0
                text8                              27EE     27EE       46      337       0
                text7                              1A08     1A08      102      337       0
                text6                              2142     2142       A4      337       0
                text5                               66E      66E      312      337       0
                text4                              1DB4     1DB4       C2      337       0
                text3                              29A6     29A6       30      337       0
                text2                              1592     1592      136      337       0
                text1                              2B50     2B50       12      337       0
                text0                              1144     1144      17C      337       0
                cstackCOMRAM                          1        1       6E        1       1
                cstackBANK0                          E0       E0       12       80       1
                bssBANK2                            200      200      100      200       1
                bssBANK1                            100      100       C8      100       1
                bssBANK0                             80       80       60       80       1
                dataCOMRAM                           75       75        3        1       1
                bssCOMRAM                            6F       6F        6        1       1
                cinit                              24F6     24F6       64      337       0
                idataCOMRAM                        2B96     2B96        3      337       0

TOTAL           Name                               Link     Load   Length     Space
        CLASS   STACK          

        CLASS   CODE           
                end_init                             80       80        4         0
                text                               2B9A     2B9A        2         0
                intcodelo                            18       18       68         0
                intcode                               8        8        A         0
                reset_vec                             0        0        6         0
                intcode_body                       2616     2616       58         0
                text59                             2B62     2B62       10         0
                text58                             2B90     2B90        6         0
                text57                             2B72     2B72        E         0
                text56                             2AF6     2AF6       1A         0
                text55                             2326     2326       86         0
                text54                             2A80     2A80       20         0
                text53                             2B88     2B88        8         0
                text52                             293E     293E       36         0
                text51                             287A     287A       44         0
                text50                             23AC     23AC       74         0
                text49                             2900     2900       3E         0
                text48                             2A30     2A30       2A         0
                text47                             275A     275A       4C         0
                text46                             16C8     16C8      12C         0
                text45                             18FE     18FE      10A         0
                text44                             1CEA     1CEA       CA         0
                text43                             2420     2420       6E         0
                text42                             2096     2096       AC         0
                text41                             1F32     1F32       B6         0
                text40                             255A     255A       60         0
                text39                             1430     1430      162         0
                text38                             21E6     21E6       A2         0
                text37                             25BA     25BA       5C         0
                text36                             2B10     2B10       18         0
                text35                              EE4      EE4      260         0
                text34                             12C0     12C0      170         0
                text33                              980      980      2F2         0
                text32                             2A04     2A04       2C         0
                text31                             17F4     17F4      10A         0
                text30                             2B80     2B80        8         0
                text29                             2974     2974       32         0
                text28                             2ADA     2ADA       1C         0
                text27                             1FE8     1FE8       AE         0
                text26                             1C00     1C00       EA         0
                text25                             2A5A     2A5A       26         0
                text24                             1E76     1E76       BC         0
                text23                             2834     2834       46         0
                text22                              C72      C72      272         0
                text21                             28BE     28BE       42         0
                text20                             1B0A     1B0A       F6         0
                text19                             270E     270E       4C         0
                text18                             248E     248E       68         0
                text17                             2B3C     2B3C       14         0
                text16                             2B28     2B28       14         0
                text15                             2288     2288       9E         0
                text14                             29D6     29D6       2E         0
                text13                             2ABE     2ABE       1C         0
                text12                             2AA0     2AA0       1E         0
                text11                             27A6     27A6       48         0
                text10                             26C2     26C2       4C         0
                text9                              266E     266E       54         0
                text8                              27EE     27EE       46         0
                text7                              1A08     1A08      102         0
                text6                              2142     2142       A4         0
                text5                               66E      66E      312         0
                text4                              1DB4     1DB4       C2         0
                text3                              29A6     29A6       30         0
                text2                              1592     1592      136         0
                text1                              2B50     2B50       12         0
                text0                              1144     1144      17C         0
                cinit                              24F6     24F6       64         0
                idataCOMRAM                        2B96     2B96        3         0

        CLASS   CONST          

        CLASS   SMALLCONST     
                smallconst                          600      600       6E         0

        CLASS   MEDIUMCONST    

        CLASS   COMRAM         
                temp                                 78       78        1         1
                cstackCOMRAM                          1        1       6E         1
                dataCOMRAM                           75       75        3         1
                bssCOMRAM                            6F       6F        6         1

        CLASS   ABS1           

        CLASS   BIGRAM         

        CLASS   RAM            

        CLASS   BANK0          
                cstackBANK0                          E0       E0       12         1
                bssBANK0                             80       80       60         1

        CLASS   BANK1          
                bssBANK1                            100      100       C8         1

        CLASS   BANK2          
                bssBANK2                            200      200      100         1

        CLASS   BANK3          

        CLASS   BANK4          

        CLASS   BANK5          

        CLASS   SFR            

        CLASS   FARRAM         

        CLASS   CONFIG         
                config                           300000   300000        E         0

        CLASS   IDLOC          
                idloc                            200000   200000        8         0

        CLASS   EEDATA         
                eeprom_data                      F00000   F00000       18         0



SEGMENTS        Name                           Load    Length   Top    Selector   Space  Class

                reset_vec                      000000  000006  000006         0       0  CODE    
                cstackCOMRAM                   000001  000078  000079         1       1  COMRAM  
                intcode                        000008  00000A  000012         4       0  CODE    
                intcodelo                      000018  00006C  000084         C       0  CODE    
                bssBANK0                       000080  000072  0000F2        80       1  BANK0   
                bssBANK1                       000100  0000C8  0001C8       100       1  BANK1   
                bssBANK2                       000200  000100  000300       200       1  BANK2   
                smallconst                     000600  00006E  00066E       300       0  SMALLCON
                text5                          00066E  00252B  002B99       337       0  CODE    
                text                           002B9A  000002  002B9C      15CD       0  CODE    
                idloc                          200000  000008  200008    200000       0  IDLOC   
                config                         300000  00000E  30000E    300000       0  CONFIG  
                eeprom_data                    F00000  000018  F00018    F00000       0  EEDATA  


UNUSED ADDRESS RANGES

        Name                Unused          Largest block    Delta
        BANK0            0000F2-0000FF                E
        BANK1            0001C8-0001FF               38
        BANK3            000300-0003FF              100
        BANK4            000400-0004FF              100
        BANK5            000500-0005FF              100
        BIGRAM           000079-00007F                7
                         0000F2-0000FF                E
                         0001C8-0001FF               38
                         000300-0005FF              300
        CODE             000006-000007                2
                         000012-000017                6
                         000084-0005FF              57C
                         002B99-002B99                1
                         002B9C-007DBB             1464
        COMRAM           000079-00007F                7
        CONST            000006-000007                2
                         000012-000017                6
                         000084-0005FF              57C
                         002B99-002B99                1
                         002B9C-007DBB             5220
        EEDATA           F00018-F000FF               E8
        MEDIUMCONST      002B99-002B99                1
                         002B9C-007DBB             5220
        RAM              0000F2-0000FF                E
                         0001C8-0001FF               38
                         000300-0005FF              100
        SFR              000F80-000FFF               80
        SMALLCONST       002B99-002B99                1
                         002B9C-007DBB              100
        STACK            000300-0005FF              300

                                  Symbol Table

?_ModbusCalcCRC                                                         cstackCOMRAM 000007
?___lwdiv                                                               cstackCOMRAM 000007
?___lwmod                                                               cstackCOMRAM 000007
?_isleap                                                                cstackCOMRAM 00000C
?_millis                                                                cstackCOMRAM 000007
?_mktime                                                                cstackCOMRAM 00002E
?_months_to_days                                                        cstackCOMRAM 00000E
?_years_to_days                                                         cstackCOMRAM 00000E
?_ymd_to_scalar                                                         cstackCOMRAM 00001E
CommandSetStatusLed@commandData                                         cstackCOMRAM 00001E
CommandSetStatusLed@led                                                 cstackCOMRAM 00001F
CopyStringToBuffer@i                                                    cstackCOMRAM 00000B
CopyStringToBuffer@len                                                  cstackCOMRAM 000008
CopyStringToBuffer@objId                                                cstackCOMRAM 00000A
CopyStringToBuffer@src                                                  cstackCOMRAM 000007
InitApp@i                                                               cstackCOMRAM 000007
LightLed@blink                                                          cstackCOMRAM 000008
LightLed@ledNum                                                         cstackCOMRAM 00000C
LightLed@ledState                                                       cstackCOMRAM 000007
LightLed@statusShift                                                    cstackCOMRAM 00000E
LightLed@ststusIndex                                                    cstackCOMRAM 00000D
LightStatusLed@blink                                                    cstackCOMRAM 000008
LightStatusLed@on                                                       cstackCOMRAM 000007
LightStatusLed@row                                                      cstackCOMRAM 00000E
LoadNextEvent@hour                                                      cstackCOMRAM 00000B
LoadNextEvent@minute                                                    cstackCOMRAM 00000C
LoadNextEvent@v1                                                        cstackCOMRAM 00000D
Modbus@u8id                                                             cstackCOMRAM 00000E
Modbus@u8serno                                                          cstackCOMRAM 00000C
Modbus@u8txenpin                                                        cstackCOMRAM 00000D
ModbusBuildException@u8exception                                        cstackCOMRAM 000007
ModbusBuildException@u8func                                             cstackCOMRAM 000008
ModbusCalcCRC@flag                                                      cstackCOMRAM 00000D
ModbusCalcCRC@i                                                         cstackCOMRAM 000010
ModbusCalcCRC@j                                                         cstackCOMRAM 000011
ModbusCalcCRC@temp                                                      cstackCOMRAM 000012
ModbusCalcCRC@temp2                                                     cstackCOMRAM 00000B
ModbusCalcCRC@u8length                                                  cstackCOMRAM 00000F
ModbusGetLastCommand@address                                            cstackCOMRAM 000009
ModbusGetLastCommand@count                                              cstackCOMRAM 000007
ModbusGetRxBuffer@bBuffOverflow                                         cstackCOMRAM 000009
ModbusInit@u8id                                                         cstackCOMRAM 00000B
ModbusInit@u8serno                                                      cstackCOMRAM 000007
ModbusInit@u8txenpin                                                    cstackCOMRAM 000008
ModbusPoll@coils                                                        cstackCOMRAM 00002C
ModbusPoll@discreteInputs                                               cstackCOMRAM 00002A
ModbusPoll@holdingRegs                                                  cstackCOMRAM 000030
ModbusPoll@holdingRegsCount                                             cstackCOMRAM 000032
ModbusPoll@i8state                                                      cstackCOMRAM 000034
ModbusPoll@inputRegs                                                    cstackCOMRAM 00002D
ModbusPoll@inputRegsCount                                               cstackCOMRAM 00002F
ModbusPoll@u8current                                                    cstackCOMRAM 000033
ModbusPoll@u8exception                                                  cstackCOMRAM 000035
ModbusProcess_FC15@bTemp                                                cstackCOMRAM 00001E
ModbusProcess_FC15@regs                                                 cstackCOMRAM 000024
ModbusProcess_FC15@u16Coilno                                            cstackCOMRAM 000022
ModbusProcess_FC15@u16StartCoil                                         cstackCOMRAM 000020
ModbusProcess_FC15@u16coil                                              cstackCOMRAM 00001B
ModbusProcess_FC15@u16currentCoil                                       cstackCOMRAM 000026
ModbusProcess_FC15@u8CopyBufferSize                                     cstackCOMRAM 00001D
ModbusProcess_FC15@u8bitsno                                             cstackCOMRAM 000028
ModbusProcess_FC15@u8currentBit                                         cstackCOMRAM 000025
ModbusProcess_FC15@u8frameByte                                          cstackCOMRAM 00001F
ModbusProcess_FC16@i                                                    cstackCOMRAM 000023
ModbusProcess_FC16@regs                                                 cstackCOMRAM 000016
ModbusProcess_FC16@temp                                                 cstackCOMRAM 00001D
ModbusProcess_FC16@u16StartAdd                                          cstackCOMRAM 000020
ModbusProcess_FC16@u8CopyBufferSize                                     cstackCOMRAM 00001F
ModbusProcess_FC16@u8regsno                                             cstackCOMRAM 000022
ModbusProcess_FC16@u8size                                               cstackCOMRAM 000018
ModbusProcess_FC17@i                                                    cstackCOMRAM 000018
ModbusProcess_FC17@u8CopyBufferSize                                     cstackCOMRAM 000017
ModbusProcess_FC1@regs                                                  cstackCOMRAM 000016
ModbusProcess_FC1@u16Coilno                                             cstackCOMRAM 000025
ModbusProcess_FC1@u16StartCoil                                          cstackCOMRAM 000020
ModbusProcess_FC1@u16coil                                               cstackCOMRAM 00001B
ModbusProcess_FC1@u16currentCoil                                        cstackCOMRAM 000022
ModbusProcess_FC1@u8CopyBufferSize                                      cstackCOMRAM 00001E
ModbusProcess_FC1@u8bitsno                                              cstackCOMRAM 000024
ModbusProcess_FC1@u8bytesno                                             cstackCOMRAM 00001F
ModbusProcess_FC1@u8currentBit                                          cstackCOMRAM 00001D
ModbusProcess_FC21@i                                                    cstackCOMRAM 00001E
ModbusProcess_FC21@recLenBytes                                          cstackCOMRAM 00001C
ModbusProcess_FC21@requestDataLen                                       cstackCOMRAM 000018
ModbusProcess_FC21@startAddrsBytes                                      cstackCOMRAM 00001A
ModbusProcess_FC21@u8CopyBufferSize                                     cstackCOMRAM 000019
ModbusProcess_FC3@i                                                     cstackCOMRAM 000021
ModbusProcess_FC3@regs                                                  cstackCOMRAM 000016
ModbusProcess_FC3@u16regsno                                             cstackCOMRAM 00001E
ModbusProcess_FC3@u8CopyBufferSize                                      cstackCOMRAM 00001D
ModbusProcess_FC3@u8StartAdd                                            cstackCOMRAM 000020
ModbusProcess_FC3@u8size                                                cstackCOMRAM 000018
ModbusProcess_FC43@devIdCode                                            cstackCOMRAM 000016
ModbusProcess_FC43@objId                                                cstackCOMRAM 000018
ModbusProcess_FC43@u8CopyBufferSize                                     cstackCOMRAM 000017
ModbusProcess_FC5@regs                                                  cstackCOMRAM 00001E
ModbusProcess_FC5@u16coil                                               cstackCOMRAM 00001C
ModbusProcess_FC5@u8CopyBufferSize                                      cstackCOMRAM 00001B
ModbusProcess_FC5@u8currentBit                                          cstackCOMRAM 00001F
ModbusProcess_FC6@regs                                                  cstackCOMRAM 000016
ModbusProcess_FC6@u16add                                                cstackCOMRAM 00001E
ModbusProcess_FC6@u16val                                                cstackCOMRAM 00001B
ModbusProcess_FC6@u8CopyBufferSize                                      cstackCOMRAM 00001D
ModbusProcess_FC6@u8size                                                cstackCOMRAM 000018
ModbusProcess_FC7@u8CopyBufferSize                                      cstackCOMRAM 000016
ModbusSendTxBuffer@u16crc                                               cstackCOMRAM 000014
ModbusSetExceptionStatusBit@bitNum                                      cstackCOMRAM 00000A
ModbusSetExceptionStatusBit@value                                       cstackCOMRAM 000007
ModbusValidateRequest@i                                                 cstackCOMRAM 000025
ModbusValidateRequest@isSupported                                       cstackCOMRAM 000022
ModbusValidateRequest@readDevId                                         cstackCOMRAM 000026
ModbusValidateRequest@recLenBytes                                       cstackCOMRAM 00001C
ModbusValidateRequest@startAddrBytes                                    cstackCOMRAM 000018
ModbusValidateRequest@u16MsgCRC                                         cstackCOMRAM 000020
ModbusValidateRequest@u16count                                          cstackCOMRAM 000023
ModbusValidateRequest@u16regs                                           cstackCOMRAM 000028
ModbusValidateRequest@u8regs                                            cstackCOMRAM 000027
PlaySound@playDuration                                                  cstackCOMRAM 000015
PlaySound@soundAddr                                                     cstackCOMRAM 00001C
PlaySound@soundId                                                       cstackCOMRAM 00001B
PortRead@ret                                                            cstackCOMRAM 000007
PortWrite@buf                                                           cstackCOMRAM 000007
PortWrite@buflen                                                        cstackCOMRAM 000009
PortWrite@i                                                             cstackCOMRAM 00000A
ProcessDiary@hour                                                       cstackCOMRAM 000021
ProcessDiary@minute                                                     cstackCOMRAM 000022
ProcessLightBlock@curMs                                                 cstackCOMRAM 00000C
ResetEvent@state                                                        cstackCOMRAM 000011
SetBuzzerDuty@dc                                                        cstackCOMRAM 000007
SetHourMin@newHour                                                      cstackCOMRAM 000008
SetHourMin@newMin                                                       cstackCOMRAM 000007
SetTime@newTime                                                         cstackCOMRAM 000007
SetTimeCommand@daySec                                                   cstackCOMRAM 000062
SetTimeCommand@hourMin                                                  cstackCOMRAM 000060
SetTimeCommand@yearMonth                                                cstackCOMRAM 000064
SetTimeFromRegs@daySec                                                  cstackCOMRAM 000045
SetTimeFromRegs@hourMin                                                 cstackCOMRAM 00004D
SetTimeFromRegs@newRawTime                                              cstackCOMRAM 000049
SetTimeFromRegs@newTime                                                 cstackCOMRAM 00004E
SetTimeFromRegs@yearMonth                                               cstackCOMRAM 000046
SoundPlayNextStep@duration                                              cstackCOMRAM 000014
SwitchOffAllLeds@i                                                      cstackCOMRAM 000007
UpdateLedRegister@regIndex                                              cstackCOMRAM 000007
_AddSecond                                                              text59       002B62
_CARRY                                                                  (abs)        007EC0
_CCP1CONbits                                                            (abs)        000FBD
_CCPR1L                                                                 (abs)        000FBE
_CommandSetStatusLed                                                    text18       00248E
_ConfigureOscillator                                                    text58       002B90
_CopyStringToBuffer                                                     text40       00255A
_EEADR                                                                  (abs)        000FA9
_EECON2                                                                 (abs)        000FA7
_EEDATA                                                                 (abs)        000FA8
_GIE                                                                    (abs)        007F97
_GetTime                                                                text30       002B80
_INTCON2bits                                                            (abs)        000FF1
_INTCONbits                                                             (abs)        000FF2
_IPR1bits                                                               (abs)        000F9F
_InitApp                                                                text55       002326
_InitFromEeprom                                                         text15       002288
_InitUartBuffer                                                         text57       002B72
_LATA                                                                   (abs)        000F89
_LATAbits                                                               (abs)        000F89
_LATB                                                                   (abs)        000F8A
_LATCbits                                                               (abs)        000F8B
_LightLed                                                               text33       000980
_LightStatusLed                                                         text20       001B0A
_LoadNextEvent                                                          text31       0017F4
_Modbus                                                                 text16       002B28
_ModbusBuildException                                                   text54       002A80
_ModbusCalcCRC                                                          text50       0023AC
_ModbusGetLastCommand                                                   text14       0029D6
_ModbusGetRxBuffer                                                      text51       00287A
_ModbusInit                                                             text17       002B3C
_ModbusPoll                                                             text34       0012C0
_ModbusProcess_FC1                                                      text46       0016C8
_ModbusProcess_FC15                                                     text45       0018FE
_ModbusProcess_FC16                                                     text44       001CEA
_ModbusProcess_FC17                                                     text43       002420
_ModbusProcess_FC21                                                     text42       002096
_ModbusProcess_FC3                                                      text41       001F32
_ModbusProcess_FC43                                                     text39       001430
_ModbusProcess_FC5                                                      text38       0021E6
_ModbusProcess_FC6                                                      text37       0025BA
_ModbusProcess_FC7                                                      text36       002B10
_ModbusSendTxBuffer                                                     text47       00275A
_ModbusSetExceptionStatusBit                                            text19       00270E
_ModbusValidateRequest                                                  text35       000EE4
_PIE1bits                                                               (abs)        000F9D
_PIR1bits                                                               (abs)        000F9E
_PORTCbits                                                              (abs)        000F82
_PR2                                                                    (abs)        000FCB
_PlaySound                                                              text26       001C00
_PortAvailable                                                          text53       002B88
_PortBegin                                                              text56       002AF6
_PortRead                                                               text52       00293E
_PortWrite                                                              text49       002900
_ProcessDiary                                                           text24       001E76
_ProcessLightBlock                                                      text22       000C72
_RCIF                                                                   (abs)        007CF5
_RCONbits                                                               (abs)        000FD0
_RCREG                                                                  (abs)        000FAE
_RCSTA                                                                  (abs)        000FAB
_RCSTAbits                                                              (abs)        000FAB
_RD                                                                     (abs)        007D30
_ResetEvent                                                             text21       0028BE
_ResetEvent$841                                                         cstackCOMRAM 000012
_SPBRG                                                                  (abs)        000FAF
_SetBuzzerDuty                                                          text29       002974
_SetHourMin                                                             text13       002ABE
_SetTime                                                                text12       002AA0
_SetTimeCommand                                                         text3        0029A6
_SetTimeFromRegs                                                        text4        001DB4
_SoundPlayNextStep                                                      text27       001FE8
_StopPlaying                                                            text28       002ADA
_SwitchOffAllLeds                                                       text25       002A5A
_T0CONbits                                                              (abs)        000FD5
_T1CONbits                                                              (abs)        000FCD
_T2CONbits                                                              (abs)        000FCA
_TMR0H                                                                  (abs)        000FD7
_TMR0L                                                                  (abs)        000FD6
_TMR1H                                                                  (abs)        000FCF
_TMR1L                                                                  (abs)        000FCE
_TRISAbits                                                              (abs)        000F92
_TRISB                                                                  (abs)        000F93
_TRISCbits                                                              (abs)        000F94
_TRMT                                                                   (abs)        007D61
_TXREG                                                                  (abs)        000FAD
_TXSTA                                                                  (abs)        000FAC
_TXSTAbits                                                              (abs)        000FAC
_UartBufferHead                                                         bssBANK0     0000C8
_UartBufferLen                                                          bssBANK0     0000C9
_UartBufferTail                                                         bssCOMRAM    00006F
_UartRingBuffer                                                         bssBANK2     000200
_UpdateLedRegister                                                      text23       002834
_WR                                                                     (abs)        007D31
_WREN                                                                   (abs)        007D32
__6sCounter                                                             bssBANK0     0000CA
__CFG_BOR$ON                                                            (abs)        000000
__CFG_BORV$42                                                           (abs)        000000
__CFG_CP0$OFF                                                           (abs)        000000
__CFG_CP1$OFF                                                           (abs)        000000
__CFG_CP2$OFF                                                           (abs)        000000
__CFG_CP3$OFF                                                           (abs)        000000
__CFG_CPB$OFF                                                           (abs)        000000
__CFG_CPD$OFF                                                           (abs)        000000
__CFG_EBTR0$OFF                                                         (abs)        000000
__CFG_EBTR1$OFF                                                         (abs)        000000
__CFG_EBTR2$OFF                                                         (abs)        000000
__CFG_EBTR3$OFF                                                         (abs)        000000
__CFG_EBTRB$OFF                                                         (abs)        000000
__CFG_IDLOC0$                                                           (abs)        000000
__CFG_IDLOC1$                                                           (abs)        000001
__CFG_IDLOC2$                                                           (abs)        000000
__CFG_OSC$HS                                                            (abs)        000000
__CFG_WDT$OFF                                                           (abs)        000000
__CFG_WRT0$OFF                                                          (abs)        000000
__CFG_WRT1$OFF                                                          (abs)        000000
__CFG_WRT2$OFF                                                          (abs)        000000
__CFG_WRT3$OFF                                                          (abs)        000000
__CFG_WRTB$OFF                                                          (abs)        000000
__CFG_WRTC$OFF                                                          (abs)        000000
__CFG_WRTD$OFF                                                          (abs)        000000
__HRAM                                                                  (abs)        000000
__Habs1                                                                 abs1         000000
__Hbank0                                                                bank0        000000
__Hbank1                                                                bank1        000000
__Hbank2                                                                bank2        000000
__Hbank3                                                                bank3        000000
__Hbank4                                                                bank4        000000
__Hbank5                                                                bank5        000000
__Hbigbss                                                               bigbss       000000
__Hbigdata                                                              bigdata      000000
__Hbigram                                                               bigram       000000
__Hbss                                                                  bss          000000
__HbssBANK0                                                             bssBANK0     000000
__HbssBANK1                                                             bssBANK1     000000
__HbssBANK2                                                             bssBANK2     000000
__HbssCOMRAM                                                            bssCOMRAM    000000
__Hcinit                                                                cinit        000000
__Hclrtext                                                              clrtext      000000
__Hcomram                                                               comram       000000
__Hconfig                                                               config       30000E
__Hconst                                                                const        000000
__HcstackBANK0                                                          cstackBANK0  000000
__HcstackCOMRAM                                                         cstackCOMRAM 000000
__Hdata                                                                 data         000000
__HdataCOMRAM                                                           dataCOMRAM   000000
__Heeprom_data                                                          eeprom_data  F00018
__Hend_init                                                             end_init     000084
__Hfarbss                                                               farbss       000000
__Hfardata                                                              fardata      000000
__Hibigdata                                                             ibigdata     000000
__Hidata                                                                idata        000000
__HidataCOMRAM                                                          idataCOMRAM  000000
__Hidloc                                                                idloc        200008
__Hifardata                                                             ifardata     000000
__Hinit                                                                 init         000080
__Hintcode                                                              intcode      000012
__Hintcode_body                                                         intcode_body 000000
__Hintcodelo                                                            intcodelo    000080
__Hintentry                                                             intentry     000000
__Hintret                                                               intret       000000
__Hintsave_regs                                                         intsave_regs 000000
__Hirdata                                                               irdata       000000
__Hmediumconst                                                          mediumconst  000000
__HnvFARRAM                                                             nvFARRAM     000000
__Hnvbit                                                                nvbit        000000
__Hnvrram                                                               nvrram       000000
__Hparam                                                                rparam       000000
__Hpowerup                                                              powerup      000080
__Hram                                                                  ram          000000
__Hramtop                                                               ramtop       000600
__Hrbit                                                                 rbit         000000
__Hrbss                                                                 rbss         000000
__Hrdata                                                                rdata        000000
__Hreset_vec                                                            reset_vec    000006
__Hrparam                                                               rparam       000000
__Hsfr                                                                  sfr          000000
__Hsmallconst                                                           smallconst   00066E
__Hspace_0                                                              (abs)        F00018
__Hspace_1                                                              (abs)        000300
__Hspace_2                                                              (abs)        000000
__Hstack                                                                stack        000000
__Hstruct                                                               struct       000000
__Htemp                                                                 temp         000079
__Htext                                                                 text         000000
__Htext0                                                                text0        000000
__Htext1                                                                text1        000000
__Htext10                                                               text10       000000
__Htext11                                                               text11       000000
__Htext12                                                               text12       000000
__Htext13                                                               text13       000000
__Htext14                                                               text14       000000
__Htext15                                                               text15       000000
__Htext16                                                               text16       000000
__Htext17                                                               text17       000000
__Htext18                                                               text18       000000
__Htext19                                                               text19       000000
__Htext2                                                                text2        000000
__Htext20                                                               text20       000000
__Htext21                                                               text21       000000
__Htext22                                                               text22       000000
__Htext23                                                               text23       000000
__Htext24                                                               text24       000000
__Htext25                                                               text25       000000
__Htext26                                                               text26       000000
__Htext27                                                               text27       000000
__Htext28                                                               text28       000000
__Htext29                                                               text29       000000
__Htext3                                                                text3        000000
__Htext30                                                               text30       000000
__Htext31                                                               text31       000000
__Htext32                                                               text32       000000
__Htext33                                                               text33       000000
__Htext34                                                               text34       000000
__Htext35                                                               text35       000000
__Htext36                                                               text36       000000
__Htext37                                                               text37       000000
__Htext38                                                               text38       000000
__Htext39                                                               text39       000000
__Htext4                                                                text4        000000
__Htext40                                                               text40       000000
__Htext41                                                               text41       000000
__Htext42                                                               text42       000000
__Htext43                                                               text43       000000
__Htext44                                                               text44       000000
__Htext45                                                               text45       000000
__Htext46                                                               text46       000000
__Htext47                                                               text47       000000
__Htext48                                                               text48       000000
__Htext49                                                               text49       000000
__Htext5                                                                text5        000000
__Htext50                                                               text50       000000
__Htext51                                                               text51       000000
__Htext52                                                               text52       000000
__Htext53                                                               text53       000000
__Htext54                                                               text54       000000
__Htext55                                                               text55       000000
__Htext56                                                               text56       000000
__Htext57                                                               text57       000000
__Htext58                                                               text58       000000
__Htext59                                                               text59       000000
__Htext6                                                                text6        000000
__Htext7                                                                text7        000000
__Htext8                                                                text8        000000
__Htext9                                                                text9        000000
__LRAM                                                                  (abs)        000001
__Labs1                                                                 abs1         000000
__Lbank0                                                                bank0        000000
__Lbank1                                                                bank1        000000
__Lbank2                                                                bank2        000000
__Lbank3                                                                bank3        000000
__Lbank4                                                                bank4        000000
__Lbank5                                                                bank5        000000
__Lbigbss                                                               bigbss       000000
__Lbigdata                                                              bigdata      000000
__Lbigram                                                               bigram       000000
__Lbss                                                                  bss          000000
__LbssBANK0                                                             bssBANK0     000000
__LbssBANK1                                                             bssBANK1     000000
__LbssBANK2                                                             bssBANK2     000000
__LbssCOMRAM                                                            bssCOMRAM    000000
__Lcinit                                                                cinit        000000
__Lclrtext                                                              clrtext      000000
__Lcomram                                                               comram       000000
__Lconfig                                                               config       300000
__Lconst                                                                const        000000
__LcstackBANK0                                                          cstackBANK0  000000
__LcstackCOMRAM                                                         cstackCOMRAM 000000
__Ldata                                                                 data         000000
__LdataCOMRAM                                                           dataCOMRAM   000000
__Leeprom_data                                                          eeprom_data  F00000
__Lend_init                                                             end_init     000080
__Lfarbss                                                               farbss       000000
__Lfardata                                                              fardata      000000
__Libigdata                                                             ibigdata     000000
__Lidata                                                                idata        000000
__LidataCOMRAM                                                          idataCOMRAM  000000
__Lidloc                                                                idloc        200000
__Lifardata                                                             ifardata     000000
__Linit                                                                 init         000080
__Lintcode                                                              intcode      000008
__Lintcode_body                                                         intcode_body 000000
__Lintcodelo                                                            intcodelo    000018
__Lintentry                                                             intentry     000000
__Lintret                                                               intret       000000
__Lintsave_regs                                                         intsave_regs 000000
__Lirdata                                                               irdata       000000
__Lmediumconst                                                          mediumconst  000000
__LnvFARRAM                                                             nvFARRAM     000000
__Lnvbit                                                                nvbit        000000
__Lnvrram                                                               nvrram       000000
__Lparam                                                                rparam       000000
__Lpowerup                                                              powerup      000080
__Lram                                                                  ram          000000
__Lramtop                                                               ramtop       000600
__Lrbit                                                                 rbit         000000
__Lrbss                                                                 rbss         000000
__Lrdata                                                                rdata        000000
__Lreset_vec                                                            reset_vec    000000
__Lrparam                                                               rparam       000000
__Lsfr                                                                  sfr          000000
__Lsmallconst                                                           smallconst   000600
__Lspace_0                                                              (abs)        000000
__Lspace_1                                                              (abs)        000000
__Lspace_2                                                              (abs)        000000
__Lstack                                                                stack        000000
__Lstruct                                                               struct       000000
__Ltemp                                                                 temp         000078
__Ltext                                                                 text         000000
__Ltext0                                                                text0        000000
__Ltext1                                                                text1        000000
__Ltext10                                                               text10       000000
__Ltext11                                                               text11       000000
__Ltext12                                                               text12       000000
__Ltext13                                                               text13       000000
__Ltext14                                                               text14       000000
__Ltext15                                                               text15       000000
__Ltext16                                                               text16       000000
__Ltext17                                                               text17       000000
__Ltext18                                                               text18       000000
__Ltext19                                                               text19       000000
__Ltext2                                                                text2        000000
__Ltext20                                                               text20       000000
__Ltext21                                                               text21       000000
__Ltext22                                                               text22       000000
__Ltext23                                                               text23       000000
__Ltext24                                                               text24       000000
__Ltext25                                                               text25       000000
__Ltext26                                                               text26       000000
__Ltext27                                                               text27       000000
__Ltext28                                                               text28       000000
__Ltext29                                                               text29       000000
__Ltext3                                                                text3        000000
__Ltext30                                                               text30       000000
__Ltext31                                                               text31       000000
__Ltext32                                                               text32       000000
__Ltext33                                                               text33       000000
__Ltext34                                                               text34       000000
__Ltext35                                                               text35       000000
__Ltext36                                                               text36       000000
__Ltext37                                                               text37       000000
__Ltext38                                                               text38       000000
__Ltext39                                                               text39       000000
__Ltext4                                                                text4        000000
__Ltext40                                                               text40       000000
__Ltext41                                                               text41       000000
__Ltext42                                                               text42       000000
__Ltext43                                                               text43       000000
__Ltext44                                                               text44       000000
__Ltext45                                                               text45       000000
__Ltext46                                                               text46       000000
__Ltext47                                                               text47       000000
__Ltext48                                                               text48       000000
__Ltext49                                                               text49       000000
__Ltext5                                                                text5        000000
__Ltext50                                                               text50       000000
__Ltext51                                                               text51       000000
__Ltext52                                                               text52       000000
__Ltext53                                                               text53       000000
__Ltext54                                                               text54       000000
__Ltext55                                                               text55       000000
__Ltext56                                                               text56       000000
__Ltext57                                                               text57       000000
__Ltext58                                                               text58       000000
__Ltext59                                                               text59       000000
__Ltext6                                                                text6        000000
__Ltext7                                                                text7        000000
__Ltext8                                                                text8        000000
__Ltext9                                                                text9        000000
__MODBUSCoils                                                           bssBANK0     0000DD
__MODBUSDiscreteInputs                                                  bssBANK0     0000BC
__MODBUSHoldingRegs                                                     bssBANK1     00018C
__MODBUSInputRegs                                                       bssBANK1     0001AA
__S0                                                                    (abs)        F00018
__S1                                                                    (abs)        000300
__S2                                                                    (abs)        000000
___inthi_sp                                                             stack        000000
___intlo_sp                                                             stack        000000
___lwdiv                                                                text9        00266E
___lwdiv@counter                                                        cstackCOMRAM 00000B
___lwdiv@dividend                                                       cstackCOMRAM 000007
___lwdiv@divisor                                                        cstackCOMRAM 000009
___lwdiv@quotient                                                       cstackCOMRAM 00000C
___lwmod                                                                text11       0027A6
___lwmod@counter                                                        cstackCOMRAM 00000B
___lwmod@dividend                                                       cstackCOMRAM 000007
___lwmod@divisor                                                        cstackCOMRAM 000009
___param_bank                                                           (abs)        000010
___rparam_used                                                          (abs)        000001
___sp                                                                   stack        000000
__accesstop                                                             (abs)        000080
__activetblptr                                                          (abs)        000002
__au8Buffer                                                             bssBANK1     000100
__cntErrataNOP_C:\Users\denis\AppData\Local\Temp\s510.obj               (abs)        000001
__cntErrataNOP_dist/C18_18F252/production\BOLID-C2000-BI.production.obj (abs)        0000FB
__end_of_AddSecond                                                      text59       002B72
__end_of_CommandSetStatusLed                                            text18       0024F6
__end_of_ConfigureOscillator                                            text58       002B96
__end_of_CopyStringToBuffer                                             text40       0025BA
__end_of_GetTime                                                        text30       002B88
__end_of_InitApp                                                        text55       0023AC
__end_of_InitFromEeprom                                                 text15       002326
__end_of_InitUartBuffer                                                 text57       002B80
__end_of_LightLed                                                       text33       000C72
__end_of_LightStatusLed                                                 text20       001C00
__end_of_LoadNextEvent                                                  text31       0018FE
__end_of_Modbus                                                         text16       002B3C
__end_of_ModbusBuildException                                           text54       002AA0
__end_of_ModbusCalcCRC                                                  text50       002420
__end_of_ModbusGetLastCommand                                           text14       002A04
__end_of_ModbusGetRxBuffer                                              text51       0028BE
__end_of_ModbusInit                                                     text17       002B50
__end_of_ModbusPoll                                                     text34       001430
__end_of_ModbusProcess_FC1                                              text46       0017F4
__end_of_ModbusProcess_FC15                                             text45       001A08
__end_of_ModbusProcess_FC16                                             text44       001DB4
__end_of_ModbusProcess_FC17                                             text43       00248E
__end_of_ModbusProcess_FC21                                             text42       002142
__end_of_ModbusProcess_FC3                                              text41       001FE8
__end_of_ModbusProcess_FC43                                             text39       001592
__end_of_ModbusProcess_FC5                                              text38       002288
__end_of_ModbusProcess_FC6                                              text37       002616
__end_of_ModbusProcess_FC7                                              text36       002B28
__end_of_ModbusSendTxBuffer                                             text47       0027A6
__end_of_ModbusSetExceptionStatusBit                                    text19       00275A
__end_of_ModbusValidateRequest                                          text35       001144
__end_of_PlaySound                                                      text26       001CEA
__end_of_PortAvailable                                                  text53       002B90
__end_of_PortBegin                                                      text56       002B10
__end_of_PortRead                                                       text52       002974
__end_of_PortWrite                                                      text49       00293E
__end_of_ProcessDiary                                                   text24       001F32
__end_of_ProcessLightBlock                                              text22       000EE4
__end_of_ResetEvent                                                     text21       002900
__end_of_SetBuzzerDuty                                                  text29       0029A6
__end_of_SetHourMin                                                     text13       002ADA
__end_of_SetTime                                                        text12       002ABE
__end_of_SetTimeCommand                                                 text3        0029D6
__end_of_SetTimeFromRegs                                                text4        001E76
__end_of_SoundPlayNextStep                                              text27       002096
__end_of_StopPlaying                                                    text28       002AF6
__end_of_SwitchOffAllLeds                                               text25       002A80
__end_of_UpdateLedRegister                                              text23       00287A
__end_of___lwdiv                                                        text9        0026C2
__end_of___lwmod                                                        text11       0027EE
__end_of__initialization                                                cinit        00254C
__end_of_fctsupported                                                   smallconst   00060D
__end_of_getHourMin                                                     text32       002A30
__end_of_high_isr                                                       intcode_body 00266E
__end_of_io_poll                                                        text2        0016C8
__end_of_isleap                                                         text10       00270E
__end_of_low_isr                                                        intcodelo    000080
__end_of_main                                                           text0        0012C0
__end_of_millis                                                         text48       002A5A
__end_of_mktime                                                         text5        000980
__end_of_months_to_days                                                 text8        002834
__end_of_pwm_init                                                       text1        002B62
__end_of_years_to_days                                                  text7        001B0A
__end_of_ymd_to_scalar                                                  text6        0021E6
__exceptionStatus                                                       bssBANK0     0000CB
__holdingRegsCount                                                      bssBANK0     0000CC
__initialization                                                        cinit        0024F6
__inputRegsCount                                                        bssBANK0     0000CD
__isSoundPlaying                                                        bssBANK0     0000CE
__lastAddress                                                           bssBANK0     0000BE
__lastCommand                                                           bssBANK0     0000DF
__lastCount                                                             bssBANK0     0000C0
__mediumconst                                                           mediumconst  000000
__nextEventPlayDuration                                                 bssBANK0     0000C2
__nextEventSoundId                                                      bssBANK0     0000CF
__pbssBANK0                                                             bssBANK0     000080
__pbssBANK1                                                             bssBANK1     000100
__pbssBANK2                                                             bssBANK2     000200
__pbssCOMRAM                                                            bssCOMRAM    00006F
__pcinit                                                                cinit        0024F6
__pcstackBANK0                                                          cstackBANK0  0000E0
__pcstackCOMRAM                                                         cstackCOMRAM 000001
__pdataCOMRAM                                                           dataCOMRAM   000075
__pidataCOMRAM                                                          idataCOMRAM  002B96
__pintcode                                                              intcode      000008
__pintcode_body                                                         intcode_body 002616
__pintcodelo                                                            intcodelo    000018
__playingEndMs                                                          bssBANK0     0000A0
__playingSoundCurPos                                                    bssBANK0     0000D0
__playingSoundStartPosInEe                                              bssCOMRAM    000070
__playingSoundSteps                                                     bssBANK0     0000D1
__psmallconst                                                           smallconst   000600
__ptext0                                                                text0        001144
__ptext1                                                                text1        002B50
__ptext10                                                               text10       0026C2
__ptext11                                                               text11       0027A6
__ptext12                                                               text12       002AA0
__ptext13                                                               text13       002ABE
__ptext14                                                               text14       0029D6
__ptext15                                                               text15       002288
__ptext16                                                               text16       002B28
__ptext17                                                               text17       002B3C
__ptext18                                                               text18       00248E
__ptext19                                                               text19       00270E
__ptext2                                                                text2        001592
__ptext20                                                               text20       001B0A
__ptext21                                                               text21       0028BE
__ptext22                                                               text22       000C72
__ptext23                                                               text23       002834
__ptext24                                                               text24       001E76
__ptext25                                                               text25       002A5A
__ptext26                                                               text26       001C00
__ptext27                                                               text27       001FE8
__ptext28                                                               text28       002ADA
__ptext29                                                               text29       002974
__ptext3                                                                text3        0029A6
__ptext30                                                               text30       002B80
__ptext31                                                               text31       0017F4
[...]
		_ModbusSendTxBuffer
 This function is called by:
		_ModbusPoll
 This function uses a non-reentrant model


 *************** function _ModbusSendTxBuffer *****************
 Defined at:
		line 549 in file "ModbusRtu.c"
 Parameters:    Size  Location     Type
		None
 Auto vars:     Size  Location     Type
  u16crc          2   19[COMRAM] unsigned short 
 Return value:  Size  Location     Type
                  1    wreg      void 
 Registers used:
		wreg, fsr2l, fsr2h, status,2, status,0, cstack
 Tracked objects:
		On entry : 
		On exit  : 
		Unchanged: 
 Data sizes:     COMRAM   BANK0   BANK1   BANK2   BANK3   BANK4   BANK5
      Params:         0       0       0       0       0       0       0
      Locals:         2       0       0       0       0       0       0
      Temps:          0       0       0       0       0       0       0
      Totals:         2       0       0       0       0       0       0
Total ram usage:        2 bytes
 Hardware stack levels used:    1
 Hardware stack levels required when called:    3
 This function calls:
		_ModbusCalcCRC
		_PortWrite
		_millis
 This function is called by:
		_ModbusPoll
		_ModbusProcess_FC1
		_ModbusProcess_FC3
		_ModbusProcess_FC5
		_ModbusProcess_FC6
		_ModbusProcess_FC7
		_ModbusProcess_FC15
		_ModbusProcess_FC16
		_ModbusProcess_FC17
		_ModbusProcess_FC21
		_ModbusProcess_FC43
 This function uses a non-reentrant model


 *************** function _millis *****************
 Defined at:
		line 236 in file "interrupts.c"
 Parameters:    Size  Location     Type
		None
 Auto vars:     Size  Location     Type
  ret             4   10[COMRAM] unsigned long 
 Return value:  Size  Location     Type
                  4    6[COMRAM] unsigned long 
 Registers used:
		None
 Tracked objects:
		On entry : 
		On exit  : 
		Unchanged: 
 Data sizes:     COMRAM   BANK0   BANK1   BANK2   BANK3   BANK4   BANK5
      Params:         4       0       0       0       0       0       0
      Locals:         4       0       0       0       0       0       0
      Temps:          0       0       0       0       0       0       0
      Totals:         8       0       0       0       0       0       0
Total ram usage:        8 bytes
 Hardware stack levels used:    1
 Hardware stack levels required when called:    2
 This function calls:
		Nothing
 This function is called by:
		_SoundPlayNextStep
		_main
		_ModbusPoll
		_ModbusSendTxBuffer
 This function uses a non-reentrant model


 *************** function _PortWrite *****************
 Defined at:
		line 93 in file "interrupts.c"
 Parameters:    Size  Location     Type
  buf             2    6[COMRAM] PTR unsigned char 
		 -> _au8Buffer(140), 
  buflen          1    8[COMRAM] unsigned char 
 Auto vars:     Size  Location     Type
  i               1    9[COMRAM] unsigned char 
 Return value:  Size  Location     Type
                  1    wreg      void 
 Registers used:
		wreg, fsr2l, fsr2h, status,2, status,0
 Tracked objects:
		On entry : 
		On exit  : 
		Unchanged: 
 Data sizes:     COMRAM   BANK0   BANK1   BANK2   BANK3   BANK4   BANK5
      Params:         3       0       0       0       0       0       0
      Locals:         1       0       0       0       0       0       0
      Temps:          0       0       0       0       0       0       0
      Totals:         4       0       0       0       0       0       0
Total ram usage:        4 bytes
 Hardware stack levels used:    1
 Hardware stack levels required when called:    2
 This function calls:
		Nothing
 This function is called by:
		_ModbusSendTxBuffer
 This function uses a non-reentrant model


 *************** function _ModbusCalcCRC *****************
 Defined at:
		line 659 in file "ModbusRtu.c"
 Parameters:    Size  Location     Type
  u8length        1    wreg     unsigned char 
 Auto vars:     Size  Location     Type
  u8length        1   14[COMRAM] unsigned char 
  j               1   16[COMRAM] unsigned char 
  i               1   15[COMRAM] unsigned char 
  temp            2   17[COMRAM] unsigned int 
  flag            2   12[COMRAM] unsigned int 
  temp2           2   10[COMRAM] unsigned int 
 Return value:  Size  Location     Type
                  2    6[COMRAM] unsigned short 
 Registers used:
		wreg, fsr2l, fsr2h, status,2, status,0
 Tracked objects:
		On entry : 
		On exit  : 
		Unchanged: 
 Data sizes:     COMRAM   BANK0   BANK1   BANK2   BANK3   BANK4   BANK5
      Params:         2       0       0       0       0       0       0
      Locals:         9       0       0       0       0       0       0
      Temps:          2       0       0       0       0       0       0
      Totals:        13       0       0       0       0       0       0
Total ram usage:       13 bytes
 Hardware stack levels used:    1
 Hardware stack levels required when called:    2
 This function calls:
		Nothing
 This function is called by:
		_ModbusSendTxBuffer
		_ModbusValidateRequest
 This function uses a non-reentrant model


 *************** function _ModbusGetRxBuffer *****************
 Defined at:
		line 509 in file "ModbusRtu.c"
 Parameters:    Size  Location     Type
		None
 Auto vars:     Size  Location     Type
  bBuffOverflo    1    8[COMRAM] unsigned char 
 Return value:  Size  Location     Type
                  1    wreg      unsigned char 
 Registers used:
		wreg, fsr2l, fsr2h, status,2, status,0, cstack
 Tracked objects:
		On entry : 
		On exit  : 
		Unchanged: 
 Data sizes:     COMRAM   BANK0   BANK1   BANK2   BANK3   BANK4   BANK5
      Params:         0       0       0       0       0       0       0
      Locals:         1       0       0       0       0       0       0
      Temps:          1       0       0       0       0       0       0
      Totals:         2       0       0       0       0       0       0
Total ram usage:        2 bytes
 Hardware stack levels used:    1
 Hardware stack levels required when called:    3
 This function calls:
		_PortAvailable
		_PortRead
 This function is called by:
		_ModbusPoll
 This function uses a non-reentrant model


 *************** function _PortRead *****************
 Defined at:
		line 57 in file "interrupts.c"
 Parameters:    Size  Location     Type
		None
 Auto vars:     Size  Location     Type
  ret             1    6[COMRAM] unsigned char 
 Return value:  Size  Location     Type
                  1    wreg      unsigned char 
 Registers used:
		wreg, fsr2l, fsr2h, status,2, status,0
 Tracked objects:
		On entry : 
		On exit  : 
		Unchanged: 
 Data sizes:     COMRAM   BANK0   BANK1   BANK2   BANK3   BANK4   BANK5
      Params:         0       0       0       0       0       0       0
      Locals:         1       0       0       0       0       0       0
      Temps:          0       0       0       0       0       0       0
      Totals:         1       0       0       0       0       0       0
Total ram usage:        1 bytes
 Hardware stack levels used:    1
 Hardware stack levels required when called:    2
 This function calls:
		Nothing
 This function is called by:
		_ModbusGetRxBuffer
 This function uses a non-reentrant model


 *************** function _PortAvailable *****************
 Defined at:
		line 52 in file "interrupts.c"
 Parameters:    Size  Location     Type
		None
 Auto vars:     Size  Location     Type
		None
 Return value:  Size  Location     Type
                  1    wreg      unsigned char 
 Registers used:
		wreg, status,2
 Tracked objects:
		On entry : 
		On exit  : 
		Unchanged: 
 Data sizes:     COMRAM   BANK0   BANK1   BANK2   BANK3   BANK4   BANK5
      Params:         0       0       0       0       0       0       0
      Locals:         0       0       0       0       0       0       0
      Temps:          0       0       0       0       0       0       0
      Totals:         0       0       0       0       0       0       0
Total ram usage:        0 bytes
 Hardware stack levels used:    1
 Hardware stack levels required when called:    2
 This function calls:
		Nothing
 This function is called by:
		_ModbusPoll
		_ModbusGetRxBuffer
 This function uses a non-reentrant model


 *************** function _ModbusBuildException *****************
 Defined at:
		line 800 in file "ModbusRtu.c"
 Parameters:    Size  Location     Type
  u8exception     1    wreg     unsigned char 
 Auto vars:     Size  Location     Type
  u8exception     1    6[COMRAM] unsigned char 
  u8func          1    7[COMRAM] unsigned char 
 Return value:  Size  Location     Type
                  1    wreg      void 
 Registers used:
		wreg, status,2, status,0
 Tracked objects:
		On entry : 
		On exit  : 
		Unchanged: 
 Data sizes:     COMRAM   BANK0   BANK1   BANK2   BANK3   BANK4   BANK5
      Params:         0       0       0       0       0       0       0
      Locals:         2       0       0       0       0       0       0
      Temps:          0       0       0       0       0       0       0
      Totals:         2       0       0       0       0       0       0
Total ram usage:        2 bytes
 Hardware stack levels used:    1
 Hardware stack levels required when called:    2
 This function calls:
		Nothing
 This function is called by:
		_ModbusPoll
 This function uses a non-reentrant model


 *************** function _InitApp *****************
 Defined at:
		line 66 in file "user.c"
 Parameters:    Size  Location     Type
		None
 Auto vars:     Size  Location     Type
  i               1    6[COMRAM] unsigned char 
 Return value:  Size  Location     Type
                  1    wreg      void 
 Registers used:
		wreg, fsr2l, fsr2h, status,2, status,0, prodl, prodh, cstack
 Tracked objects:
		On entry : 
		On exit  : 
		Unchanged: 
 Data sizes:     COMRAM   BANK0   BANK1   BANK2   BANK3   BANK4   BANK5
      Params:         0       0       0       0       0       0       0
      Locals:         1       0       0       0       0       0       0
      Temps:          0       0       0       0       0       0       0
      Totals:         1       0       0       0       0       0       0
Total ram usage:        1 bytes
 Hardware stack levels used:    1
 Hardware stack levels required when called:    3
 This function calls:
		_InitUartBuffer
		_PortBegin
 This function is called by:
		_main
 This function uses a non-reentrant model


 *************** function _PortBegin *****************
 Defined at:
		line 48 in file "user.c"
 Parameters:    Size  Location     Type
		None
 Auto vars:     Size  Location     Type
		None
 Return value:  Size  Location     Type
                  1    wreg      void 
 Registers used:
		wreg, status,2
 Tracked objects:
		On entry : 
		On exit  : 
		Unchanged: 
 Data sizes:     COMRAM   BANK0   BANK1   BANK2   BANK3   BANK4   BANK5
      Params:         0       0       0       0       0       0       0
      Locals:         0       0       0       0       0       0       0
      Temps:          0       0       0       0       0       0       0
      Totals:         0       0       0       0       0       0       0
Total ram usage:        0 bytes
 Hardware stack levels used:    1
 Hardware stack levels required when called:    2
 This function calls:
		Nothing
 This function is called by:
		_InitApp
 This function uses a non-reentrant model


 *************** function _InitUartBuffer *****************
 Defined at:
		line 43 in file "interrupts.c"
 Parameters:    Size  Location     Type
		None
 Auto vars:     Size  Location     Type
		None
 Return value:  Size  Location     Type
                  1    wreg      void 
 Registers used:
		None
 Tracked objects:
		On entry : 
		On exit  : 
		Unchanged: 
 Data sizes:     COMRAM   BANK0   BANK1   BANK2   BANK3   BANK4   BANK5
      Params:         0       0       0       0       0       0       0
      Locals:         0       0       0       0       0       0       0
      Temps:          0       0       0       0       0       0       0
      Totals:         0       0       0       0       0       0       0
Total ram usage:        0 bytes
 Hardware stack levels used:    1
 Hardware stack levels required when called:    2
 This function calls:
		Nothing
 This function is called by:
		_InitApp
 This function uses a non-reentrant model


 *************** function _ConfigureOscillator *****************
 Defined at:
		line 86 in file "system.c"
 Parameters:    Size  Location     Type
		None
 Auto vars:     Size  Location     Type
		None
 Return value:  Size  Location     Type
                  1    wreg      void 
 Registers used:
		None
 Tracked objects:
		On entry : 
		On exit  : 
		Unchanged: 
 Data sizes:     COMRAM   BANK0   BANK1   BANK2   BANK3   BANK4   BANK5
      Params:         0       0       0       0       0       0       0
      Locals:         0       0       0       0       0       0       0
      Temps:          0       0       0       0       0       0       0
      Totals:         0       0       0       0       0       0       0
Total ram usage:        0 bytes
 Hardware stack levels used:    1
 Hardware stack levels required when called:    2
 This function calls:
		Nothing
 This function is called by:
		_main
 This function uses a non-reentrant model


 *************** function _AddSecond *****************
 Defined at:
		line 179 in file "user.c"
 Parameters:    Size  Location     Type
		None
 Auto vars:     Size  Location     Type
		None
 Return value:  Size  Location     Type
                  1    wreg      void 
 Registers used:
		wreg, status,2, status,0
 Tracked objects:
		On entry : 
		On exit  : 
		Unchanged: 
 Data sizes:     COMRAM   BANK0   BANK1   BANK2   BANK3   BANK4   BANK5
      Params:         0       0       0       0       0       0       0
      Locals:         0       0       0       0       0       0       0
      Temps:          0       0       0       0       0       0       0
      Totals:         0       0       0       0       0       0       0
Total ram usage:        0 bytes
 Hardware stack levels used:    1
 Hardware stack levels required when called:    2
 This function calls:
		Nothing
 This function is called by:
		_main
 This function uses a non-reentrant model


 *************** function _low_isr *****************
 Defined at:
		line 172 in file "interrupts.c"
 Parameters:    Size  Location     Type
		None
 Auto vars:     Size  Location     Type
  c               1    5[COMRAM] unsigned char 
 Return value:  Size  Location     Type
                  1    wreg      void 
 Registers used:
		wreg, fsr2l, fsr2h, status,2, status,0
 Tracked objects:
		On entry : 
		On exit  : 
		Unchanged: 
 Data sizes:     COMRAM   BANK0   BANK1   BANK2   BANK3   BANK4   BANK5
      Params:         0       0       0       0       0       0       0
      Locals:         1       0       0       0       0       0       0
      Temps:          5       0       0       0       0       0       0
      Totals:         6       0       0       0       0       0       0
Total ram usage:        6 bytes
 Hardware stack levels used:    1
 Hardware stack levels required when called:    1
 This function calls:
		Nothing
 This function is called by:
		Interrupt level 1
 This function uses a non-reentrant model


 *************** function _high_isr *****************
 Defined at:
		line 113 in file "interrupts.c"
 Parameters:    Size  Location     Type
		None
 Auto vars:     Size  Location     Type
		None
 Return value:  Size  Location     Type
                  1    wreg      void 
 Registers used:
		wreg, status,2, status,0
 Tracked objects:
		On entry : 
		On exit  : 
		Unchanged: 
 Data sizes:     COMRAM   BANK0   BANK1   BANK2   BANK3   BANK4   BANK5
      Params:         0       0       0       0       0       0       0
      Locals:         0       0       0       0       0       0       0
      Temps:          0       0       0       0       0       0       0
      Totals:         0       0       0       0       0       0       0
Total ram usage:        0 bytes
 Hardware stack levels used:    1
 This function calls:
		Nothing
 This function is called by:
		Interrupt level 2
 This function uses a non-reentrant model



MODULE INFORMATION

Module		Function		Class		Link	Load	Size
interrupts.c
		_millis        		CODE           	2A30	0000	43
		_SetHourMin    		CODE           	2ABE	0000	29
		_getHourMin    		CODE           	2A04	0000	45
		_high_isr      		CODE           	0008	0000	99
		_InitUartBuffer		CODE           	2B72	0000	15
		_PortWrite     		CODE           	2900	0000	63
		_PortRead      		CODE           	293E	0000	55
		_PortAvailable 		CODE           	2B88	0000	9
		_low_isr       		CODE           	0018	0000	105

interrupts.c estimated size: 463

C:\Program Files (x86)\Microchip\xc8\v1.37\sources\common\lwdiv.c
		___lwdiv       		CODE           	266E	0000	85

C:\Program Files (x86)\Microchip\xc8\v1.37\sources\common\lwdiv.c estimated size: 85

shared
		__initialization		CODE           	24F6	0000	87
		_fctsupported  		SMALLCONST     	0601	0000	13

shared estimated size: 100

C:\Program Files (x86)\Microchip\xc8\v1.37\sources\common\mktime.c
		_mktime        		CODE           	066E	0000	787
		_isleap        		CODE           	26C2	0000	77
		_months_to_days		CODE           	27EE	0000	71
		_ymd_to_scalar 		CODE           	2142	0000	165
		_years_to_days 		CODE           	1A08	0000	259

C:\Program Files (x86)\Microchip\xc8\v1.37\sources\common\mktime.c estimated size: 1359

user.c
		_AddSecond     		CODE           	2B62	0000	17
		_PortBegin     		CODE           	2AF6	0000	27
		_GetTime       		CODE           	2B80	0000	9
		_SetTime       		CODE           	2AA0	0000	31
		_InitApp       		CODE           	2326	0000	135

user.c estimated size: 219

main.c
		_CommandSetStatusLed		CODE           	248E	0000	105
		_LightStatusLed		CODE           	1B0A	0000	247
		_LightLed      		CODE           	0980	0000	755
		_SoundPlayNextStep		CODE           	1FE8	0000	175
		_main          		CODE           	1144	0000	381
		_SwitchOffAllLeds		CODE           	2A5A	0000	39
		_UpdateLedRegister		CODE           	2834	0000	71
		_StopPlaying   		CODE           	2ADA	0000	29
		_InitFromEeprom		CODE           	2288	0000	159
		_ResetEvent    		CODE           	28BE	0000	67
		_SetTimeCommand		CODE           	29A6	0000	49
		_PlaySound     		CODE           	1C00	0000	235
		_ProcessDiary  		CODE           	1E76	0000	189
		_pwm_init      		CODE           	2B50	0000	19
		_io_poll       		CODE           	1592	0000	311
		_LoadNextEvent 		CODE           	17F4	0000	267
		_ProcessLightBlock		CODE           	0C72	0000	627
		_SetTimeFromRegs		CODE           	1DB4	0000	195
		_SetBuzzerDuty 		CODE           	2974	0000	51

main.c estimated size: 3971

system.c
		_ConfigureOscillator		CODE           	2B90	0000	7

system.c estimated size: 7

C:\Program Files (x86)\Microchip\xc8\v1.37\sources\common\lwmod.c
		___lwmod       		CODE           	27A6	0000	73

C:\Program Files (x86)\Microchip\xc8\v1.37\sources\common\lwmod.c estimated size: 73

ModbusRtu.c
		_ModbusProcess_FC1		CODE           	16C8	0000	301
		_ModbusProcess_FC3		CODE           	1F32	0000	183
		_ModbusProcess_FC5		CODE           	21E6	0000	163
		_ModbusProcess_FC6		CODE           	25BA	0000	93
		_ModbusProcess_FC21		CODE           	2096	0000	173
		_ModbusProcess_FC7		CODE           	2B10	0000	25
		_ModbusSetExceptionStatusBit		CODE           	270E	0000	77
		_ModbusProcess_FC43		CODE           	1430	0000	355
		_ModbusProcess_FC15		CODE           	18FE	0000	267
		_ModbusProcess_FC16		CODE           	1CEA	0000	203
		_ModbusGetLastCommand		CODE           	29D6	0000	47
		_ModbusProcess_FC17		CODE           	2420	0000	111
		_ModbusSendTxBuffer		CODE           	275A	0000	77
		_CopyStringToBuffer		CODE           	255A	0000	97
		_Modbus        		CODE           	2B28	0000	21
		_ModbusPoll    		CODE           	12C0	0000	369
		_ModbusValidateRequest		CODE           	0EE4	0000	609
		_ModbusGetRxBuffer		CODE           	287A	0000	69
		_ModbusCalcCRC 		CODE           	23AC	0000	117
		_ModbusInit    		CODE           	2B3C	0000	21
		_ModbusBuildException		CODE           	2A80	0000	33

ModbusRtu.c estimated size: 3411

