Microchip MPLAB XC8 Compiler V1.37 ()

Linker command line:

-W-3 --edf=C:\Program Files (x86)\Microchip\xc8\v1.37\dat\en_msgs.txt -cs \
  -h+dist/C18_18F252/production\BOLID-C2000-BI.production.sym \
  --cmf=dist/C18_18F252/production\BOLID-C2000-BI.production.cmf -z \
  -Q18F252 -oC:\Users\denis\AppData\Local\Temp\sef4.2 \
  -Mdist/C18_18F252/production/BOLID-C2000-BI.production.map -E1 -ver=XC8 \
  -ASTACK=0300h-05ffh -pstack=STACK -ACODE=00h-03FFFh,04000h-07DBBh \
  -ACONST=00h-07DBBh -ASMALLCONST=0600h-06FFhx119,07D00h-07DBBh \
  -AMEDIUMCONST=0600h-07DBBh -ACOMRAM=01h-07Fh -AABS1=00h-05FFh \
  -ABIGRAM=01h-05FFh -ARAM=080h-0FFh,0100h-01FFhx5 -ABANK0=080h-0FFh \
  -ABANK1=0100h-01FFh -ABANK2=0200h-02FFh -ABANK3=0300h-03FFh \
  -ABANK4=0400h-04FFh -ABANK5=0500h-05FFh -ASFR=0F80h-0FFFh \
  -preset_vec=00h,intcode=08h,intcodelo=018h,powerup,init,end_init \
  -pramtop=0600h -psmallconst=SMALLCONST -pmediumconst=MEDIUMCONST \
  -pconst=CONST -AFARRAM=00h-00h -ACONFIG=0300000h-030000Dh -pconfig=CONFIG \
  -AIDLOC=0200000h-0200007h -pidloc=IDLOC -AEEDATA=0F00000h-0F000FFh \
  -peeprom_data=EEDATA \
  -prdata=COMRAM,nvrram=COMRAM,nvbit=COMRAM,rbss=COMRAM,rbit=COMRAM \
  -pfarbss=FARRAM,fardata=FARRAM,nvFARRAM=FARRAM \
  -pintsave_regs=BIGRAM,bigbss=BIGRAM,bigdata=BIGRAM -pbss=RAM \
  -pidata=CODE,irdata=CODE,ibigdata=CODE,ifardata=CODE -prparam=COMRAM \
  C:\Users\denis\AppData\Local\Temp\sef4.obj \
  dist/C18_18F252/production\BOLID-C2000-BI.production.obj 

Object code version is 3.11

Machine type is 18F252

Call graph: (short form)




                Name                               Link     Load   Length Selector   Space Scale
C:\Users\denis\AppData\Local\Temp\sef4.obj
                end_init                             80       80        4        C       0
                text                               2E90     2E90        2     1748       0
                reset_vec                             0        0        6        0       0
                idloc                            200000   200000        8   200000       0
                config                           300000   300000        E   300000       0
dist/C18_18F252/production\BOLID-C2000-BI.production.obj
                eeprom_data                      F00000   F00000       18   F00000       0
                intcodelo                            18       18       68        C       0
                intcode                               8        8        A        4       0
                temp                                 76       76        1        1       1
                smallconst                          600      600       58      300       0
                intcode_body                       2770     2770       60      32C       0
                text72                             2E0E     2E0E       10      32C       0
                text71                             2E86     2E86        6      32C       0
                text70                             2E3A     2E3A        E      32C       0
                text69                             2D9E     2D9E       1A      32C       0
                text68                             24C4     24C4       84      32C       0
                text67                             2D46     2D46       20      32C       0
                text66                             2E54     2E54        A      32C       0
                text65                             2BB8     2BB8       38      32C       0
                text64                             2A7E     2A7E       46      32C       0
                text63                             2B7C     2B7C       3C      32C       0
                text62                             25C6     25C6       74      32C       0
                text61                             2B02     2B02       3E      32C       0
                text60                             2CB0     2CB0       2A      32C       0
                text59                             2918     2918       4C      32C       0
                text58                             15AC     15AC      12C      32C       0
                text57                             28CC     28CC       4C      32C       0
                text56                             2AC4     2AC4       3E      32C       0
                text55                             2C84     2C84       2C      32C       0
                text54                             17F0     17F0      112      32C       0
                text53                             2D66     2D66       1E      32C       0
                text52                             2964     2964       48      32C       0
                text51                             2880     2880       4C      32C       0
                text50                             282C     282C       54      32C       0
                text49                             2A38     2A38       46      32C       0
                text48                             1A0C     1A0C      102      32C       0
                text47                             22F0     22F0       A4      32C       0
                text46                              658      658      312      32C       0
                text45                             1CE6     1CE6       E0      32C       0
                text44                             2BF0     2BF0       36      32C       0
                text43                             2D84     2D84       1A      32C       0
                text42                             1902     1902      10A      32C       0
                text41                             1E96     1E96       CA      32C       0
                text40                             263A     263A       72      32C       0
                text39                             2244     2244       AC      32C       0
                text38                             20DA     20DA       B6      32C       0
                text37                             2710     2710       60      32C       0
                text36                             144A     144A      162      32C       0
                text35                             2394     2394       A2      32C       0
                text34                             27D0     27D0       5C      32C       0
                text33                             2DD0     2DD0       18      32C       0
                text32                              C5C      C5C      27E      32C       0
                text31                             2E2C     2E2C        E      32C       0
                text30                             1130     1130      1A2      32C       0
                text29                             2E48     2E48        C      32C       0
                text28                              96A      96A      2F2      32C       0
                text27                             2D00     2D00       26      32C       0
                text26                             16D8     16D8      118      32C       0
                text25                             2E7E     2E7E        8      32C       0
                text24                             2C26     2C26       32      32C       0
                text23                             2E1E     2E1E        E      32C       0
                text22                             201E     201E       BC      32C       0
                text21                             1DC6     1DC6       D0      32C       0
                text20                             2CDA     2CDA       26      32C       0
                text19                             1F60     1F60       BE      32C       0
                text18                             29F2     29F2       46      32C       0
                text17                              EDA      EDA      256      32C       0
                text16                             29AC     29AC       46      32C       0
                text15                             2C58     2C58       2C      32C       0
                text14                             2DB8     2DB8       18      32C       0
                text13                             2DE8     2DE8       14      32C       0
                text12                             1B0E     1B0E       F6      32C       0
                text11                             2D26     2D26       20      32C       0
                text10                             2190     2190       B4      32C       0
                text9                              2B40     2B40       3C      32C       0
                text8                              2E76     2E76        8      32C       0
                text7                              2E6E     2E6E        8      32C       0
                text6                              2E66     2E66        8      32C       0
                text5                              2548     2548       7E      32C       0
                text4                              2E5E     2E5E        8      32C       0
                text3                              1C04     1C04       E2      32C       0
                text2                              2436     2436       8E      32C       0
                text1                              2DFC     2DFC       12      32C       0
                text0                              12D2     12D2      178      32C       0
                cstackCOMRAM                          1        1       6C        1       1
                cstackBANK0                          E9       E9        B       80       1
                bssBANK2                            200      200      100      200       1
                bssBANK1                            100      100       C8      100       1
                bssBANK0                             80       80       69       80       1
                dataCOMRAM                           73       73        3        1       1
                bssCOMRAM                            6D       6D        6        1       1
                cinit                              26AC     26AC       64      32C       0
                idataCOMRAM                        2E8C     2E8C        3      32C       0

TOTAL           Name                               Link     Load   Length     Space
        CLASS   STACK          

        CLASS   CODE           
                end_init                             80       80        4         0
                text                               2E90     2E90        2         0
                intcodelo                            18       18       68         0
                intcode                               8        8        A         0
                reset_vec                             0        0        6         0
                intcode_body                       2770     2770       60         0
                text72                             2E0E     2E0E       10         0
                text71                             2E86     2E86        6         0
                text70                             2E3A     2E3A        E         0
                text69                             2D9E     2D9E       1A         0
                text68                             24C4     24C4       84         0
                text67                             2D46     2D46       20         0
                text66                             2E54     2E54        A         0
                text65                             2BB8     2BB8       38         0
                text64                             2A7E     2A7E       46         0
                text63                             2B7C     2B7C       3C         0
                text62                             25C6     25C6       74         0
                text61                             2B02     2B02       3E         0
                text60                             2CB0     2CB0       2A         0
                text59                             2918     2918       4C         0
                text58                             15AC     15AC      12C         0
                text57                             28CC     28CC       4C         0
                text56                             2AC4     2AC4       3E         0
                text55                             2C84     2C84       2C         0
                text54                             17F0     17F0      112         0
                text53                             2D66     2D66       1E         0
                text52                             2964     2964       48         0
                text51                             2880     2880       4C         0
                text50                             282C     282C       54         0
                text49                             2A38     2A38       46         0
                text48                             1A0C     1A0C      102         0
                text47                             22F0     22F0       A4         0
                text46                              658      658      312         0
                text45                             1CE6     1CE6       E0         0
                text44                             2BF0     2BF0       36         0
                text43                             2D84     2D84       1A         0
                text42                             1902     1902      10A         0
                text41                             1E96     1E96       CA         0
                text40                             263A     263A       72         0
                text39                             2244     2244       AC         0
                text38                             20DA     20DA       B6         0
                text37                             2710     2710       60         0
                text36                             144A     144A      162         0
                text35                             2394     2394       A2         0
                text34                             27D0     27D0       5C         0
                text33                             2DD0     2DD0       18         0
                text32                              C5C      C5C      27E         0
                text31                             2E2C     2E2C        E         0
                text30                             1130     1130      1A2         0
                text29                             2E48     2E48        C         0
                text28                              96A      96A      2F2         0
                text27                             2D00     2D00       26         0
                text26                             16D8     16D8      118         0
                text25                             2E7E     2E7E        8         0
                text24                             2C26     2C26       32         0
                text23                             2E1E     2E1E        E         0
                text22                             201E     201E       BC         0
                text21                             1DC6     1DC6       D0         0
                text20                             2CDA     2CDA       26         0
                text19                             1F60     1F60       BE         0
                text18                             29F2     29F2       46         0
                text17                              EDA      EDA      256         0
                text16                             29AC     29AC       46         0
                text15                             2C58     2C58       2C         0
                text14                             2DB8     2DB8       18         0
                text13                             2DE8     2DE8       14         0
                text12                             1B0E     1B0E       F6         0
                text11                             2D26     2D26       20         0
                text10                             2190     2190       B4         0
                text9                              2B40     2B40       3C         0
                text8                              2E76     2E76        8         0
                text7                              2E6E     2E6E        8         0
                text6                              2E66     2E66        8         0
                text5                              2548     2548       7E         0
                text4                              2E5E     2E5E        8         0
                text3                              1C04     1C04       E2         0
                text2                              2436     2436       8E         0
                text1                              2DFC     2DFC       12         0
                text0                              12D2     12D2      178         0
                cinit                              26AC     26AC       64         0
                idataCOMRAM                        2E8C     2E8C        3         0

        CLASS   CONST          

        CLASS   SMALLCONST     
                smallconst                          600      600       58         0

        CLASS   MEDIUMCONST    

        CLASS   COMRAM         
                temp                                 76       76        1         1
                cstackCOMRAM                          1        1       6C         1
                dataCOMRAM                           73       73        3         1
                bssCOMRAM                            6D       6D        6         1

        CLASS   ABS1           

        CLASS   BIGRAM         

        CLASS   RAM            

        CLASS   BANK0          
                cstackBANK0                          E9       E9        B         1
                bssBANK0                             80       80       69         1

        CLASS   BANK1          
                bssBANK1                            100      100       C8         1

        CLASS   BANK2          
                bssBANK2                            200      200      100         1

        CLASS   BANK3          

        CLASS   BANK4          

        CLASS   BANK5          

        CLASS   SFR            

        CLASS   FARRAM         

        CLASS   CONFIG         
                config                           300000   300000        E         0

        CLASS   IDLOC          
                idloc                            200000   200000        8         0

        CLASS   EEDATA         
                eeprom_data                      F00000   F00000       18         0



SEGMENTS        Name                           Load    Length   Top    Selector   Space  Class

                reset_vec                      000000  000006  000006         0       0  CODE    
                cstackCOMRAM                   000001  000076  000077         1       1  COMRAM  
                intcode                        000008  00000A  000012         4       0  CODE    
                intcodelo                      000018  00006C  000084         C       0  CODE    
                bssBANK0                       000080  000074  0000F4        80       1  BANK0   
                bssBANK1                       000100  0000C8  0001C8       100       1  BANK1   
                bssBANK2                       000200  000100  000300       200       1  BANK2   
                smallconst                     000600  000058  000658       300       0  SMALLCON
                text46                         000658  002837  002E8F       32C       0  CODE    
                text                           002E90  000002  002E92      1748       0  CODE    
                idloc                          200000  000008  200008    200000       0  IDLOC   
                config                         300000  00000E  30000E    300000       0  CONFIG  
                eeprom_data                    F00000  000018  F00018    F00000       0  EEDATA  


UNUSED ADDRESS RANGES

        Name                Unused          Largest block    Delta
        BANK0            0000F4-0000FF                C
        BANK1            0001C8-0001FF               38
        BANK3            000300-0003FF              100
        BANK4            000400-0004FF              100
        BANK5            000500-0005FF              100
        BIGRAM           000077-00007F                9
                         0000F4-0000FF                C
                         0001C8-0001FF               38
                         000300-0005FF              300
        CODE             000006-000007                2
                         000012-000017                6
                         000084-0005FF              57C
                         002E8F-002E8F                1
                         002E92-007DBB             116E
        COMRAM           000077-00007F                9
        CONST            000006-000007                2
                         000012-000017                6
                         000084-0005FF              57C
                         002E8F-002E8F                1
                         002E92-007DBB             4F2A
        EEDATA           F00018-F000FF               E8
        MEDIUMCONST      002E8F-002E8F                1
                         002E92-007DBB             4F2A
        RAM              0000F4-0000FF                C
                         0001C8-0001FF               38
                         000300-0005FF              100
        SFR              000F80-000FFF               80
        SMALLCONST       002E8F-002E8F                1
                         002E92-007DBB              100
        STACK            000300-0005FF              300

                                  Symbol Table

?_ModbusCalcCRC                                                         cstackCOMRAM 000007
?___lwdiv                                                               cstackCOMRAM 000007
?___lwmod                                                               cstackCOMRAM 000007
?_isleap                                                                cstackCOMRAM 00000C
?_millis                                                                cstackCOMRAM 000007
?_mktime                                                                cstackCOMRAM 00002E
?_months_to_days                                                        cstackCOMRAM 00000E
?_years_to_days                                                         cstackCOMRAM 00000E
?_ymd_to_scalar                                                         cstackCOMRAM 00001E
CommandSetStatusLed@commandData                                         cstackCOMRAM 000020
CommandSetStatusLed@led                                                 cstackCOMRAM 000021
CopyStringToBuffer@i                                                    cstackCOMRAM 00000B
CopyStringToBuffer@len                                                  cstackCOMRAM 000008
CopyStringToBuffer@objId                                                cstackCOMRAM 00000A
CopyStringToBuffer@src                                                  cstackCOMRAM 000007
InitApp@i                                                               cstackCOMRAM 000007
InitFromEeprom@eeSoundCountAddress                                      cstackCOMRAM 000012
InitFromEeprom@tmpModbusId                                              cstackCOMRAM 000013
LightLed@blink                                                          cstackCOMRAM 000008
LightLed@ledNum                                                         cstackCOMRAM 00000C
LightLed@ledState                                                       cstackCOMRAM 000007
LightLed@statusShift                                                    cstackCOMRAM 00000E
LightLed@ststusIndex                                                    cstackCOMRAM 00000D
LightStatusLed@blink                                                    cstackCOMRAM 000008
LightStatusLed@on                                                       cstackCOMRAM 000007
LightStatusLed@row                                                      cstackCOMRAM 00000E
LoadNextEvent@totalMinutes                                              cstackCOMRAM 00000A
LoadNextEvent@v1                                                        cstackCOMRAM 00000C
Modbus@u8id                                                             cstackCOMRAM 00000E
Modbus@u8serno                                                          cstackCOMRAM 00000C
Modbus@u8txenpin                                                        cstackCOMRAM 00000D
ModbusBuildException@u8exception                                        cstackCOMRAM 000007
ModbusBuildException@u8func                                             cstackCOMRAM 000008
ModbusCalcCRC@flag                                                      cstackCOMRAM 00000E
ModbusCalcCRC@i                                                         cstackCOMRAM 000010
ModbusCalcCRC@j                                                         cstackCOMRAM 000011
ModbusCalcCRC@temp                                                      cstackCOMRAM 000012
ModbusCalcCRC@temp2                                                     cstackCOMRAM 00000C
ModbusCalcCRC@u8length                                                  cstackCOMRAM 00000B
ModbusGetLastCommand@address                                            cstackCOMRAM 000009
ModbusGetLastCommand@command                                            cstackCOMRAM 000008
ModbusGetLastCommand@count                                              cstackCOMRAM 000007
ModbusGetRxBuffer@bBuffOverflow                                         cstackCOMRAM 000009
ModbusGetRxBufferHeader@i                                               cstackCOMRAM 000009
ModbusInit@u8id                                                         cstackCOMRAM 00000B
ModbusInit@u8serno                                                      cstackCOMRAM 000007
ModbusInit@u8txenpin                                                    cstackCOMRAM 000008
ModbusPoll@coils                                                        cstackCOMRAM 00005E
ModbusPoll@discreteInputs                                               cstackCOMRAM 00005C
ModbusPoll@holdingRegs                                                  cstackCOMRAM 000062
ModbusPoll@holdingRegsCount                                             cstackCOMRAM 000064
ModbusPoll@i8state                                                      cstackCOMRAM 000066
ModbusPoll@inputRegs                                                    cstackCOMRAM 00005F
ModbusPoll@inputRegsCount                                               cstackCOMRAM 000061
ModbusPoll@u8current                                                    cstackCOMRAM 000065
ModbusPoll@u8exception                                                  cstackCOMRAM 000067
ModbusProcess_FC100@newRawTime                                          cstackCOMRAM 000045
ModbusProcess_FC100@newTime                                             cstackCOMRAM 00004A
ModbusProcess_FC100@u8CopyBufferSize                                    cstackCOMRAM 000049
ModbusProcess_FC101@u8CopyBufferSize                                    cstackCOMRAM 000016
ModbusProcess_FC102@u8CopyBufferSize                                    cstackCOMRAM 000016
ModbusProcess_FC15@bTemp                                                cstackCOMRAM 00001E
ModbusProcess_FC15@regs                                                 cstackCOMRAM 000024
ModbusProcess_FC15@u16Coilno                                            cstackCOMRAM 000022
ModbusProcess_FC15@u16StartCoil                                         cstackCOMRAM 000020
ModbusProcess_FC15@u16coil                                              cstackCOMRAM 00001B
ModbusProcess_FC15@u16currentCoil                                       cstackCOMRAM 000026
ModbusProcess_FC15@u8CopyBufferSize                                     cstackCOMRAM 00001D
ModbusProcess_FC15@u8bitsno                                             cstackCOMRAM 000028
ModbusProcess_FC15@u8currentBit                                         cstackCOMRAM 000025
ModbusProcess_FC15@u8frameByte                                          cstackCOMRAM 00001F
ModbusProcess_FC16@i                                                    cstackCOMRAM 000023
ModbusProcess_FC16@regs                                                 cstackCOMRAM 000016
ModbusProcess_FC16@temp                                                 cstackCOMRAM 00001D
ModbusProcess_FC16@u16StartAdd                                          cstackCOMRAM 000020
ModbusProcess_FC16@u8CopyBufferSize                                     cstackCOMRAM 00001F
ModbusProcess_FC16@u8regsno                                             cstackCOMRAM 000022
ModbusProcess_FC16@u8size                                               cstackCOMRAM 000018
ModbusProcess_FC17@u8CopyBufferSize                                     cstackCOMRAM 000016
ModbusProcess_FC1@regs                                                  cstackCOMRAM 000016
ModbusProcess_FC1@u16Coilno                                             cstackCOMRAM 000025
ModbusProcess_FC1@u16StartCoil                                          cstackCOMRAM 000020
ModbusProcess_FC1@u16coil                                               cstackCOMRAM 00001B
ModbusProcess_FC1@u16currentCoil                                        cstackCOMRAM 000022
ModbusProcess_FC1@u8CopyBufferSize                                      cstackCOMRAM 00001E
ModbusProcess_FC1@u8bitsno                                              cstackCOMRAM 000024
ModbusProcess_FC1@u8bytesno                                             cstackCOMRAM 00001F
ModbusProcess_FC1@u8currentBit                                          cstackCOMRAM 00001D
ModbusProcess_FC21@i                                                    cstackCOMRAM 00001E
ModbusProcess_FC21@recLenBytes                                          cstackCOMRAM 00001C
ModbusProcess_FC21@requestDataLen                                       cstackCOMRAM 000018
ModbusProcess_FC21@startAddrsBytes                                      cstackCOMRAM 00001A
ModbusProcess_FC21@u8CopyBufferSize                                     cstackCOMRAM 000019
ModbusProcess_FC3@i                                                     cstackCOMRAM 000021
ModbusProcess_FC3@regs                                                  cstackCOMRAM 000016
ModbusProcess_FC3@u16regsno                                             cstackCOMRAM 00001E
ModbusProcess_FC3@u8CopyBufferSize                                      cstackCOMRAM 00001D
ModbusProcess_FC3@u8StartAdd                                            cstackCOMRAM 000020
ModbusProcess_FC3@u8size                                                cstackCOMRAM 000018
ModbusProcess_FC43@devIdCode                                            cstackCOMRAM 000016
ModbusProcess_FC43@objId                                                cstackCOMRAM 000018
ModbusProcess_FC43@u8CopyBufferSize                                     cstackCOMRAM 000017
ModbusProcess_FC5@regs                                                  cstackCOMRAM 00001E
ModbusProcess_FC5@u16coil                                               cstackCOMRAM 00001C
ModbusProcess_FC5@u8CopyBufferSize                                      cstackCOMRAM 00001B
ModbusProcess_FC5@u8currentBit                                          cstackCOMRAM 00001F
ModbusProcess_FC6@regs                                                  cstackCOMRAM 000016
ModbusProcess_FC6@u16add                                                cstackCOMRAM 00001E
ModbusProcess_FC6@u16val                                                cstackCOMRAM 00001B
ModbusProcess_FC6@u8CopyBufferSize                                      cstackCOMRAM 00001D
ModbusProcess_FC6@u8size                                                cstackCOMRAM 000018
ModbusProcess_FC7@u8CopyBufferSize                                      cstackCOMRAM 000016
ModbusSendTxBuffer@u16crc                                               cstackCOMRAM 000014
ModbusSetExceptionStatusBit@bitNum                                      cstackCOMRAM 00000A
ModbusSetExceptionStatusBit@value                                       cstackCOMRAM 000007
ModbusValidateRequest@i                                                 cstackCOMRAM 000025
ModbusValidateRequest@isSupported                                       cstackCOMRAM 000022
ModbusValidateRequest@readDevId                                         cstackCOMRAM 000026
ModbusValidateRequest@recLenBytes                                       cstackCOMRAM 00001C
ModbusValidateRequest@startAddrBytes                                    cstackCOMRAM 000018
ModbusValidateRequest@u16MsgCRC                                         cstackCOMRAM 000020
ModbusValidateRequest@u16count                                          cstackCOMRAM 000023
ModbusValidateRequest@u16regs                                           cstackCOMRAM 000028
ModbusValidateRequest@u8regs                                            cstackCOMRAM 000027
PlaySound@playDuration                                                  cstackCOMRAM 000017
PlaySound@soundAddr                                                     cstackCOMRAM 00001E
PlaySound@soundId                                                       cstackCOMRAM 00001D
PortRead@ret                                                            cstackCOMRAM 000007
PortWrite@buf                                                           cstackCOMRAM 000007
PortWrite@buflen                                                        cstackCOMRAM 000009
PortWrite@i                                                             cstackCOMRAM 00000A
ProcessDiary@totalMinutes                                               cstackCOMRAM 000023
ProcessLightBlock@curMs                                                 cstackCOMRAM 00000C
ProcessUserCommands@ledNum                                              cstackCOMRAM 000028
ProcessUserCommands@v1                                                  cstackCOMRAM 000027
ResetEvent@state                                                        cstackCOMRAM 000011
SetBuzzerDuty@dc                                                        cstackCOMRAM 000007
SetHourMin@newHour                                                      cstackCOMRAM 00000B
SetHourMin@newMin                                                       cstackCOMRAM 00000D
SetHourMin@sec                                                          cstackCOMRAM 00000F
SetHourMin@secToNext6Sec                                                cstackCOMRAM 00001E
SetHourMin@tmpSec                                                       cstackCOMRAM 00001D
SetTime@newTime                                                         cstackCOMRAM 000007
ShowFailure@additionalLed                                               cstackCOMRAM 00000F
SoundPlayNextStep@duration                                              cstackCOMRAM 000016
SoundPlayNextStep@stepDuty                                              cstackCOMRAM 000014
SwitchOffAllLeds@i                                                      cstackCOMRAM 000007
UpdateLedRegister@regIndex                                              cstackCOMRAM 000007
_AddSecond                                                              text72       002E0E
_CARRY                                                                  (abs)        007EC0
_CCP1CONbits                                                            (abs)        000FBD
_CCPR1L                                                                 (abs)        000FBE
_CommandSetStatusLed                                                    text5        002548
_ConfigureOscillator                                                    text71       002E86
_CopyStringToBuffer                                                     text37       002710
_EEADR                                                                  (abs)        000FA9
_EECON2                                                                 (abs)        000FA7
_EEDATA                                                                 (abs)        000FA8
_GIE                                                                    (abs)        007F97
_GetCurrentEventDiodeNum                                                text29       002E48
_GetTime                                                                text25       002E7E
_INTCON2bits                                                            (abs)        000FF1
_INTCONbits                                                             (abs)        000FF2
_IPR1bits                                                               (abs)        000F9F
_InitApp                                                                text68       0024C4
_InitFromEeprom                                                         text10       002190
_InitUartBuffer                                                         text70       002E3A
_LATA                                                                   (abs)        000F89
_LATAbits                                                               (abs)        000F89
_LATB                                                                   (abs)        000F8A
_LATCbits                                                               (abs)        000F8B
_LightLed                                                               text28       00096A
_LightStatusLed                                                         text12       001B0E
_LoadNextEvent                                                          text26       0016D8
_Modbus                                                                 text13       002DE8
_ModbusBuildException                                                   text67       002D46
_ModbusCalcCRC                                                          text62       0025C6
_ModbusGetLastCommand                                                   text9        002B40
_ModbusGetRxBuffer                                                      text64       002A7E
_ModbusGetRxBufferHeader                                                text63       002B7C
_ModbusGetUserCommandAdditional1Hi                                      text8        002E76
_ModbusGetUserCommandAdditional1Lo                                      text7        002E6E
_ModbusGetUserCommandData                                               text6        002E66
_ModbusGetUserCommandId                                                 text4        002E5E
_ModbusInit                                                             text14       002DB8
_ModbusPoll                                                             text30       001130
_ModbusProcess_FC1                                                      text58       0015AC
_ModbusProcess_FC100                                                    text45       001CE6
_ModbusProcess_FC101                                                    text44       002BF0
_ModbusProcess_FC102                                                    text43       002D84
_ModbusProcess_FC15                                                     text42       001902
_ModbusProcess_FC16                                                     text41       001E96
_ModbusProcess_FC17                                                     text40       00263A
_ModbusProcess_FC21                                                     text39       002244
_ModbusProcess_FC3                                                      text38       0020DA
_ModbusProcess_FC43                                                     text36       00144A
_ModbusProcess_FC5                                                      text35       002394
_ModbusProcess_FC6                                                      text34       0027D0
_ModbusProcess_FC7                                                      text33       002DD0
_ModbusSendTxBuffer                                                     text59       002918
_ModbusSetExceptionStatusBit                                            text57       0028CC
_ModbusUserCommandAdditional1Hi                                         bssBANK0     0000E0
_ModbusUserCommandAdditional1Lo                                         bssBANK0     0000E1
_ModbusUserCommandAdditional2Hi                                         bssBANK0     0000E2
_ModbusUserCommandAdditional2Lo                                         bssBANK0     0000E3
_ModbusUserCommandAdditional3Hi                                         bssBANK0     0000E4
_ModbusUserCommandAdditional3Lo                                         bssBANK0     0000E5
_ModbusUserCommandData                                                  bssBANK0     0000E6
_ModbusUserCommandId                                                    bssBANK0     0000E7
_ModbusValidateRequest                                                  text32       000C5C
_PIE1bits                                                               (abs)        000F9D
_PIR1bits                                                               (abs)        000F9E
_PORTCbits                                                              (abs)        000F82
_PR2                                                                    (abs)        000FCB
_PlaySound                                                              text21       001DC6
_PortAvailable                                                          text66       002E54
_PortBegin                                                              text69       002D9E
_PortClearReadBuffer                                                    text31       002E2C
_PortRead                                                               text65       002BB8
_PortWrite                                                              text61       002B02
_ProcessDiary                                                           text19       001F60
_ProcessLightBlock                                                      text17       000EDA
_ProcessUserCommands                                                    text3        001C04
_RCIF                                                                   (abs)        007CF5
_RCONbits                                                               (abs)        000FD0
_RCREG                                                                  (abs)        000FAE
_RCSTA                                                                  (abs)        000FAB
_RCSTAbits                                                              (abs)        000FAB
_RD                                                                     (abs)        007D30
_ResetEvent                                                             text16       0029AC
_ResetEvent$890                                                         cstackCOMRAM 000012
_SPBRG                                                                  (abs)        000FAF
_SetBuzzerDuty                                                          text24       002C26
_SetHourMin                                                             text54       0017F0
_SetTime                                                                text53       002D66
_ShowFailure                                                            text11       002D26
_SoundPlayNextStep                                                      text22       00201E
_StopPlaying                                                            text23       002E1E
_SwitchOffAllLeds                                                       text20       002CDA
_T0CONbits                                                              (abs)        000FD5
_T1CONbits                                                              (abs)        000FCD
_T2CONbits                                                              (abs)        000FCA
_TMR0H                                                                  (abs)        000FD7
_TMR0L                                                                  (abs)        000FD6
_TMR1H                                                                  (abs)        000FCF
_TMR1L                                                                  (abs)        000FCE
_TRISAbits                                                              (abs)        000F92
_TRISB                                                                  (abs)        000F93
_TRISCbits                                                              (abs)        000F94
_TRMT                                                                   (abs)        007D61
_TXREG                                                                  (abs)        000FAD
_TXSTA                                                                  (abs)        000FAC
_TXSTAbits                                                              (abs)        000FAC
_UartBufferHead                                                         bssBANK0     0000C6
_UartBufferLen                                                          bssBANK0     0000C7
_UartBufferTail                                                         bssBANK0     0000C8
_UartRingBuffer                                                         bssBANK2     000200
_UpdateLedRegister                                                      text18       0029F2
_WR                                                                     (abs)        007D31
_WREN                                                                   (abs)        007D32
__6sCounter                                                             bssBANK0     0000C9
__CFG_BOR$ON                                                            (abs)        000000
__CFG_BORV$42                                                           (abs)        000000
__CFG_CP0$OFF                                                           (abs)        000000
__CFG_CP1$OFF                                                           (abs)        000000
__CFG_CP2$OFF                                                           (abs)        000000
__CFG_CP3$OFF                                                           (abs)        000000
__CFG_CPB$OFF                                                           (abs)        000000
__CFG_CPD$OFF                                                           (abs)        000000
__CFG_EBTR0$OFF                                                         (abs)        000000
__CFG_EBTR1$OFF                                                         (abs)        000000
__CFG_EBTR2$OFF                                                         (abs)        000000
__CFG_EBTR3$OFF                                                         (abs)        000000
__CFG_EBTRB$OFF                                                         (abs)        000000
__CFG_IDLOC0$                                                           (abs)        000000
__CFG_IDLOC1$                                                           (abs)        000001
__CFG_IDLOC2$                                                           (abs)        000000
__CFG_OSC$HS                                                            (abs)        000000
__CFG_WDT$OFF                                                           (abs)        000000
__CFG_WRT0$OFF                                                          (abs)        000000
__CFG_WRT1$OFF                                                          (abs)        000000
__CFG_WRT2$OFF                                                          (abs)        000000
__CFG_WRT3$OFF                                                          (abs)        000000
__CFG_WRTB$OFF                                                          (abs)        000000
__CFG_WRTC$OFF                                                          (abs)        000000
__CFG_WRTD$OFF                                                          (abs)        000000
__HRAM                                                                  (abs)        000000
__Habs1                                                                 abs1         000000
__Hbank0                                                                bank0        000000
__Hbank1                                                                bank1        000000
__Hbank2                                                                bank2        000000
__Hbank3                                                                bank3        000000
__Hbank4                                                                bank4        000000
__Hbank5                                                                bank5        000000
__Hbigbss                                                               bigbss       000000
__Hbigdata                                                              bigdata      000000
__Hbigram                                                               bigram       000000
__Hbss                                                                  bss          000000
__HbssBANK0                                                             bssBANK0     000000
__HbssBANK1                                                             bssBANK1     000000
__HbssBANK2                                                             bssBANK2     000000
__HbssCOMRAM                                                            bssCOMRAM    000000
__Hcinit                                                                cinit        000000
__Hclrtext                                                              clrtext      000000
__Hcomram                                                               comram       000000
__Hconfig                                                               config       30000E
__Hconst                                                                const        000000
__HcstackBANK0                                                          cstackBANK0  000000
__HcstackCOMRAM                                                         cstackCOMRAM 000000
__Hdata                                                                 data         000000
__HdataCOMRAM                                                           dataCOMRAM   000000
__Heeprom_data                                                          eeprom_data  F00018
__Hend_init                                                             end_init     000084
__Hfarbss                                                               farbss       000000
__Hfardata                                                              fardata      000000
__Hibigdata                                                             ibigdata     000000
__Hidata                                                                idata        000000
__HidataCOMRAM                                                          idataCOMRAM  000000
__Hidloc                                                                idloc        200008
__Hifardata                                                             ifardata     000000
__Hinit                                                                 init         000080
__Hintcode                                                              intcode      000012
__Hintcode_body                                                         intcode_body 000000
__Hintcodelo                                                            intcodelo    000080
__Hintentry                                                             intentry     000000
__Hintret                                                               intret       000000
__Hintsave_regs                                                         intsave_regs 000000
__Hirdata                                                               irdata       000000
__Hmediumconst                                                          mediumconst  000000
__HnvFARRAM                                                             nvFARRAM     000000
__Hnvbit                                                                nvbit        000000
__Hnvrram                                                               nvrram       000000
__Hparam                                                                rparam       000000
__Hpowerup                                                              powerup      000080
__Hram                                                                  ram          000000
__Hramtop                                                               ramtop       000600
__Hrbit                                                                 rbit         000000
__Hrbss                                                                 rbss         000000
__Hrdata                                                                rdata        000000
__Hreset_vec                                                            reset_vec    000006
__Hrparam                                                               rparam       000000
__Hsfr                                                                  sfr          000000
__Hsmallconst                                                           smallconst   000658
__Hspace_0                                                              (abs)        F00018
__Hspace_1                                                              (abs)        000300
__Hspace_2                                                              (abs)        000000
__Hstack                                                                stack        000000
__Hstruct                                                               struct       000000
__Htemp                                                                 temp         000077
__Htext                                                                 text         000000
__Htext0                                                                text0        000000
__Htext1                                                                text1        000000
__Htext10                                                               text10       000000
__Htext11                                                               text11       000000
__Htext12                                                               text12       000000
__Htext13                                                               text13       000000
__Htext14                                                               text14       000000
__Htext15                                                               text15       000000
__Htext16                                                               text16       000000
__Htext17                                                               text17       000000
__Htext18                                                               text18       000000
__Htext19                                                               text19       000000
__Htext2                                                                text2        000000
__Htext20                                                               text20       000000
__Htext21                                                               text21       000000
__Htext22                                                               text22       000000
__Htext23                                                               text23       000000
__Htext24                                                               text24       000000
__Htext25                                                               text25       000000
__Htext26                                                               text26       000000
__Htext27                                                               text27       000000
__Htext28                                                               text28       000000
__Htext29                                                               text29       000000
__Htext3                                                                text3        000000
__Htext30                                                               text30       000000
__Htext31                                                               text31       000000
__Htext32                                                               text32       000000
__Htext33                                                               text33       000000
__Htext34                                                               text34       000000
__Htext35                                                               text35       000000
__Htext36                                                               text36       000000
__Htext37                                                               text37       000000
__Htext38                                                               text38       000000
__Htext39                                                               text39       000000
__Htext4                                                                text4        000000
__Htext40                                                               text40       000000
__Htext41                                                               text41       000000
__Htext42                                                               text42       000000
__Htext43                                                               text43       000000
__Htext44                                                               text44       000000
__Htext45                                                               text45       000000
__Htext46                                                               text46       000000
__Htext47                                                               text47       000000
__Htext48                                                               text48       000000
__Htext49                                                               text49       000000
__Htext5                                                                text5        000000
__Htext50                                                               text50       000000
__Htext51                                                               text51       000000
__Htext52                                                               text52       000000
__Htext53                                                               text53       000000
__Htext54                                                               text54       000000
__Htext55                                                               text55       000000
__Htext56                                                               text56       000000
__Htext57                                                               text57       000000
__Htext58                                                               text58       000000
__Htext59                                                               text59       000000
__Htext6                                                                text6        000000
__Htext60                                                               text60       000000
__Htext61                                                               text61       000000
__Htext62                                                               text62       000000
__Htext63                                                               text63       000000
__Htext64                                                               text64       000000
__Htext65                                                               text65       000000
__Htext66                                                               text66       000000
__Htext67                                                               text67       000000
__Htext68                                                               text68       000000
__Htext69                                                               text69       000000
__Htext7                                                                text7        000000
__Htext70                                                               text70       000000
__Htext71                                                               text71       000000
__Htext72                                                               text72       000000
__Htext8                                                                text8        000000
__Htext9                                                                text9        000000
__LRAM                                                                  (abs)        000001
__Labs1                                                                 abs1         000000
__Lbank0                                                                bank0        000000
__Lbank1                                                                bank1        000000
__Lbank2                                                                bank2        000000
__Lbank3                                                                bank3        000000
__Lbank4                                                                bank4        000000
__Lbank5                                                                bank5        000000
__Lbigbss                                                               bigbss       000000
__Lbigdata                                                              bigdata      000000
__Lbigram                                                               bigram       000000
__Lbss                                                                  bss          000000
__LbssBANK0                                                             bssBANK0     000000
__LbssBANK1                                                             bssBANK1     000000
__LbssBANK2                                                             bssBANK2     000000
__LbssCOMRAM                                                            bssCOMRAM    000000
__Lcinit                                                                cinit        000000
__Lclrtext                                                              clrtext      000000
__Lcomram                                                               comram       000000
__Lconfig                                                               config       300000
__Lconst                                                                const        000000
__LcstackBANK0                                                          cstackBANK0  000000
__LcstackCOMRAM                                                         cstackCOMRAM 000000
__Ldata                                                                 data         000000
__LdataCOMRAM                                                           dataCOMRAM   000000
__Leeprom_data                                                          eeprom_data  F00000
__Lend_init                                                             end_init     000080
__Lfarbss                                                               farbss       000000
__Lfardata                                                              fardata      000000
__Libigdata                                                             ibigdata     000000
__Lidata                                                                idata        000000
__LidataCOMRAM                                                          idataCOMRAM  000000
__Lidloc                                                                idloc        200000
__Lifardata                                                             ifardata     000000
__Linit                                                                 init         000080
__Lintcode                                                              intcode      000008
__Lintcode_body                                                         intcode_body 000000
__Lintcodelo                                                            intcodelo    000018
__Lintentry                                                             intentry     000000
__Lintret                                                               intret       000000
__Lintsave_regs                                                         intsave_regs 000000
__Lirdata                                                               irdata       000000
__Lmediumconst                                                          mediumconst  000000
__LnvFARRAM                                                             nvFARRAM     000000
__Lnvbit                                                                nvbit        000000
__Lnvrram                                                               nvrram       000000
__Lparam                                                                rparam       000000
__Lpowerup                                                              powerup      000080
__Lram                                                                  ram          000000
__Lramtop                                                               ramtop       000600
__Lrbit                                                                 rbit         000000
__Lrbss                                                                 rbss         000000
__Lrdata                                                                rdata        000000
__Lreset_vec                                                            reset_vec    000000
__Lrparam                                                               rparam       000000
__Lsfr                                                                  sfr          000000
__Lsmallconst                                                           smallconst   000600
__Lspace_0                                                              (abs)        000000
__Lspace_1                                                              (abs)        000000
__Lspace_2                                                              (abs)        000000
__Lstack                                                                stack        000000
__Lstruct                                                               struct       000000
__Ltemp                                                                 temp         000076
__Ltext                                                                 text         000000
__Ltext0                                                                text0        000000
__Ltext1                                                                text1        000000
__Ltext10                                                               text10       000000
__Ltext11                                                               text11       000000
__Ltext12                                                               text12       000000
__Ltext13                                                               text13       000000
__Ltext14                                                               text14       000000
__Ltext15                                                               text15       000000
__Ltext16                                                               text16       000000
__Ltext17                                                               text17       000000
__Ltext18                                                               text18       000000
__Ltext19                                                               text19       000000
__Ltext2                                                                text2        000000
__Ltext20                                                               text20       000000
__Ltext21                                                               text21       000000
__Ltext22                                                               text22       000000
__Ltext23                                                               text23       000000
__Ltext24                                                               text24       000000
__Ltext25                                                               text25       000000
__Ltext26                                                               text26       000000
__Ltext27                                                               text27       000000
__Ltext28                                                               text28       000000
__Ltext29                                                               text29       000000
__Ltext3                                                                text3        000000
__Ltext30                                                               text30       000000
__Ltext31                                                               text31       000000
__Ltext32                                                               text32       000000
__Ltext33                                                               text33       000000
__Ltext34                                                               text34       000000
__Ltext35                                                               text35       000000
__Ltext36                                                               text36       000000
__Ltext37                                                               text37       000000
__Ltext38                                                               text38       000000
__Ltext39                                                               text39       000000
__Ltext4                                                                text4        000000
__Ltext40                                                               text40       000000
__Ltext41                                                               text41       000000
__Ltext42                                                               text42       000000
__Ltext43                                                               text43       000000
__Ltext44                                                               text44       000000
__Ltext45                                                               text45       000000
__Ltext46                                                               text46       000000
__Ltext47                                                               text47       000000
__Ltext48                                                               text48       000000
__Ltext49                                                               text49       000000
__Ltext5                                                                text5        000000
__Ltext50                                                               text50       000000
__Ltext51                                                               text51       000000
__Ltext52                                                               text52       000000
__Ltext53                                                               text53       000000
__Ltext54                                                               text54       000000
__Ltext55                                                               text55       000000
__Ltext56                                                               text56       000000
__Ltext57                                                               text57       000000
__Ltext58                                                               text58       000000
__Ltext59                                                               text59       000000
__Ltext6                                                                text6        000000
__Ltext60                                                               text60       000000
__Ltext61                                                               text61       000000
__Ltext62                                                               text62       000000
__Ltext63                                                               text63       000000
__Ltext64                                                               text64       000000
__Ltext65                                                               text65       000000
__Ltext66                                                               text66       000000
__Ltext67                                                               text67       000000
__Ltext68                                                               text68       000000
__Ltext69                                                               text69       000000
__Ltext7                                                                text7        000000
__Ltext70                                                               text70       000000
__Ltext71                                                               text71       000000
__Ltext72                                                               text72       000000
__Ltext8                                                                text8        000000
__Ltext9                                                                text9        000000
__MODBUSCoils                                                           bssBANK0     0000DE
__MODBUSHoldingRegs                                                     bssBANK1     00018C
__MODBUSInputRegs                                                       bssBANK1     0001AA
__S0                                                                    (abs)        F00018
__S1                                                                    (abs)        000300
__S2                                                                    (abs)        000000
___inthi_sp                                                             stack        000000
___intlo_sp                                                             stack        000000
___lbdiv                                                                text56       002AC4
___lbdiv@counter                                                        cstackCOMRAM 000009
___lbdiv@dividend                                                       cstackCOMRAM 000008
___lbdiv@divisor                                                        cstackCOMRAM 000007
___lbdiv@quotient                                                       cstackCOMRAM 00000A
___lbmod                                                                text55       002C84
___lbmod@counter                                                        cstackCOMRAM 000009
___lbmod@dividend                                                       cstackCOMRAM 000008
___lbmod@divisor                                                        cstackCOMRAM 000007
___lbmod@rem                                                            cstackCOMRAM 00000A
___lwdiv                                                                text50       00282C
___lwdiv@counter                                                        cstackCOMRAM 00000B
___lwdiv@dividend                                                       cstackCOMRAM 000007
___lwdiv@divisor                                                        cstackCOMRAM 000009
___lwdiv@quotient                                                       cstackCOMRAM 00000C
___lwmod                                                                text52       002964
___lwmod@counter                                                        cstackCOMRAM 00000B
___lwmod@dividend                                                       cstackCOMRAM 000007
___lwmod@divisor                                                        cstackCOMRAM 000009
___param_bank                                                           (abs)        000010
___rparam_used                                                          (abs)        000001
___sp                                                                   stack        000000
__accesstop                                                             (abs)        000080
__activetblptr                                                          (abs)        000002
__au8Buffer                                                             bssBANK1     000100
__cntErrataNOP_C:\Users\denis\AppData\Local\Temp\sef4.obj               (abs)        000001
__cntErrataNOP_dist/C18_18F252/production\BOLID-C2000-BI.production.obj (abs)        00011C
__deviceStatus                                                          bssBANK0     0000CA
__eeFirstSoundAddress                                                   bssBANK0     0000CB
__eeSoundAddressesList                                                  bssBANK0     0000CC
__end_of_AddSecond                                                      text72       002E1E
__end_of_CommandSetStatusLed                                            text5        0025C6
__end_of_ConfigureOscillator                                            text71       002E8C
__end_of_CopyStringToBuffer                                             text37       002770
__end_of_GetCurrentEventDiodeNum                                        text29       002E54
__end_of_GetTime                                                        text25       002E86
__end_of_InitApp                                                        text68       002548
__end_of_InitFromEeprom                                                 text10       002244
__end_of_InitUartBuffer                                                 text70       002E48
__end_of_LightLed                                                       text28       000C5C
__end_of_LightStatusLed                                                 text12       001C04
__end_of_LoadNextEvent                                                  text26       0017F0
__end_of_Modbus                                                         text13       002DFC
__end_of_ModbusBuildException                                           text67       002D66
__end_of_ModbusCalcCRC                                                  text62       00263A
__end_of_ModbusGetLastCommand                                           text9        002B7C
__end_of_ModbusGetRxBuffer                                              text64       002AC4
__end_of_ModbusGetRxBufferHeader                                        text63       002BB8
__end_of_ModbusGetUserCommandAdditional1Hi                              text8        002E7E
__end_of_ModbusGetUserCommandAdditional1Lo                              text7        002E76
__end_of_ModbusGetUserCommandData                                       text6        002E6E
__end_of_ModbusGetUserCommandId                                         text4        002E66
__end_of_ModbusInit                                                     text14       002DD0
__end_of_ModbusPoll                                                     text30       0012D2
__end_of_ModbusProcess_FC1                                              text58       0016D8
__end_of_ModbusProcess_FC100                                            text45       001DC6
__end_of_ModbusProcess_FC101                                            text44       002C26
__end_of_ModbusProcess_FC102                                            text43       002D9E
__end_of_ModbusProcess_FC15                                             text42       001A0C
__end_of_ModbusProcess_FC16                                             text41       001F60
__end_of_ModbusProcess_FC17                                             text40       0026AC
__end_of_ModbusProcess_FC21                                             text39       0022F0
[...]
 Hardware stack levels used:    1
 Hardware stack levels required when called:    2
 This function calls:
		Nothing
 This function is called by:
		_SoundPlayNextStep
		_main
		_ModbusPoll
		_ModbusSendTxBuffer
 This function uses a non-reentrant model


 *************** function _PortWrite *****************
 Defined at:
		line 101 in file "interrupts.c"
 Parameters:    Size  Location     Type
  buf             2    6[COMRAM] PTR unsigned char 
		 -> _au8Buffer(140), 
  buflen          1    8[COMRAM] unsigned char 
 Auto vars:     Size  Location     Type
  i               1    9[COMRAM] unsigned char 
 Return value:  Size  Location     Type
                  1    wreg      void 
 Registers used:
		wreg, fsr2l, fsr2h, status,2, status,0
 Tracked objects:
		On entry : 
		On exit  : 
		Unchanged: 
 Data sizes:     COMRAM   BANK0   BANK1   BANK2   BANK3   BANK4   BANK5
      Params:         3       0       0       0       0       0       0
      Locals:         1       0       0       0       0       0       0
      Temps:          0       0       0       0       0       0       0
      Totals:         4       0       0       0       0       0       0
Total ram usage:        4 bytes
 Hardware stack levels used:    1
 Hardware stack levels required when called:    2
 This function calls:
		Nothing
 This function is called by:
		_ModbusSendTxBuffer
 This function uses a non-reentrant model


 *************** function _ModbusCalcCRC *****************
 Defined at:
		line 744 in file "ModbusRtu.c"
 Parameters:    Size  Location     Type
  u8length        1    wreg     unsigned char 
 Auto vars:     Size  Location     Type
  u8length        1   10[COMRAM] unsigned char 
  j               1   16[COMRAM] unsigned char 
  i               1   15[COMRAM] unsigned char 
  temp            2   17[COMRAM] unsigned int 
  flag            2   13[COMRAM] unsigned int 
  temp2           2   11[COMRAM] unsigned int 
 Return value:  Size  Location     Type
                  2    6[COMRAM] unsigned short 
 Registers used:
		wreg, fsr2l, fsr2h, status,2, status,0
 Tracked objects:
		On entry : 
		On exit  : 
		Unchanged: 
 Data sizes:     COMRAM   BANK0   BANK1   BANK2   BANK3   BANK4   BANK5
      Params:         2       0       0       0       0       0       0
      Locals:         9       0       0       0       0       0       0
      Temps:          2       0       0       0       0       0       0
      Totals:        13       0       0       0       0       0       0
Total ram usage:       13 bytes
 Hardware stack levels used:    1
 Hardware stack levels required when called:    2
 This function calls:
		Nothing
 This function is called by:
		_ModbusSendTxBuffer
		_ModbusValidateRequest
 This function uses a non-reentrant model


 *************** function _ModbusGetRxBufferHeader *****************
 Defined at:
		line 577 in file "ModbusRtu.c"
 Parameters:    Size  Location     Type
		None
 Auto vars:     Size  Location     Type
  i               1    8[COMRAM] unsigned char 
 Return value:  Size  Location     Type
                  1    wreg      unsigned char 
 Registers used:
		wreg, fsr2l, fsr2h, status,2, status,0, cstack
 Tracked objects:
		On entry : 
		On exit  : 
		Unchanged: 
 Data sizes:     COMRAM   BANK0   BANK1   BANK2   BANK3   BANK4   BANK5
      Params:         0       0       0       0       0       0       0
      Locals:         1       0       0       0       0       0       0
      Temps:          1       0       0       0       0       0       0
      Totals:         2       0       0       0       0       0       0
Total ram usage:        2 bytes
 Hardware stack levels used:    1
 Hardware stack levels required when called:    3
 This function calls:
		_PortAvailable
		_PortRead
 This function is called by:
		_ModbusPoll
 This function uses a non-reentrant model


 *************** function _ModbusGetRxBuffer *****************
 Defined at:
		line 597 in file "ModbusRtu.c"
 Parameters:    Size  Location     Type
		None
 Auto vars:     Size  Location     Type
  bBuffOverflo    1    8[COMRAM] unsigned char 
 Return value:  Size  Location     Type
                  1    wreg      unsigned char 
 Registers used:
		wreg, fsr2l, fsr2h, status,2, status,0, cstack
 Tracked objects:
		On entry : 
		On exit  : 
		Unchanged: 
 Data sizes:     COMRAM   BANK0   BANK1   BANK2   BANK3   BANK4   BANK5
      Params:         0       0       0       0       0       0       0
      Locals:         1       0       0       0       0       0       0
      Temps:          1       0       0       0       0       0       0
      Totals:         2       0       0       0       0       0       0
Total ram usage:        2 bytes
 Hardware stack levels used:    1
 Hardware stack levels required when called:    3
 This function calls:
		_PortAvailable
		_PortRead
 This function is called by:
		_ModbusPoll
 This function uses a non-reentrant model


 *************** function _PortRead *****************
 Defined at:
		line 57 in file "interrupts.c"
 Parameters:    Size  Location     Type
		None
 Auto vars:     Size  Location     Type
  ret             1    6[COMRAM] unsigned char 
 Return value:  Size  Location     Type
                  1    wreg      unsigned char 
 Registers used:
		wreg, fsr2l, fsr2h, status,2, status,0
 Tracked objects:
		On entry : 
		On exit  : 
		Unchanged: 
 Data sizes:     COMRAM   BANK0   BANK1   BANK2   BANK3   BANK4   BANK5
      Params:         0       0       0       0       0       0       0
      Locals:         1       0       0       0       0       0       0
      Temps:          0       0       0       0       0       0       0
      Totals:         1       0       0       0       0       0       0
Total ram usage:        1 bytes
 Hardware stack levels used:    1
 Hardware stack levels required when called:    2
 This function calls:
		Nothing
 This function is called by:
		_ModbusGetRxBufferHeader
		_ModbusGetRxBuffer
 This function uses a non-reentrant model


 *************** function _PortAvailable *****************
 Defined at:
		line 52 in file "interrupts.c"
 Parameters:    Size  Location     Type
		None
 Auto vars:     Size  Location     Type
		None
 Return value:  Size  Location     Type
                  1    wreg      unsigned char 
 Registers used:
		wreg, status,2
 Tracked objects:
		On entry : 
		On exit  : 
		Unchanged: 
 Data sizes:     COMRAM   BANK0   BANK1   BANK2   BANK3   BANK4   BANK5
      Params:         0       0       0       0       0       0       0
      Locals:         0       0       0       0       0       0       0
      Temps:          0       0       0       0       0       0       0
      Totals:         0       0       0       0       0       0       0
Total ram usage:        0 bytes
 Hardware stack levels used:    1
 Hardware stack levels required when called:    2
 This function calls:
		Nothing
 This function is called by:
		_ModbusPoll
		_ModbusGetRxBufferHeader
		_ModbusGetRxBuffer
 This function uses a non-reentrant model


 *************** function _ModbusBuildException *****************
 Defined at:
		line 896 in file "ModbusRtu.c"
 Parameters:    Size  Location     Type
  u8exception     1    wreg     unsigned char 
 Auto vars:     Size  Location     Type
  u8exception     1    6[COMRAM] unsigned char 
  u8func          1    7[COMRAM] unsigned char 
 Return value:  Size  Location     Type
                  1    wreg      void 
 Registers used:
		wreg, status,2, status,0
 Tracked objects:
		On entry : 
		On exit  : 
		Unchanged: 
 Data sizes:     COMRAM   BANK0   BANK1   BANK2   BANK3   BANK4   BANK5
      Params:         0       0       0       0       0       0       0
      Locals:         2       0       0       0       0       0       0
      Temps:          0       0       0       0       0       0       0
      Totals:         2       0       0       0       0       0       0
Total ram usage:        2 bytes
 Hardware stack levels used:    1
 Hardware stack levels required when called:    2
 This function calls:
		Nothing
 This function is called by:
		_ModbusPoll
 This function uses a non-reentrant model


 *************** function _InitApp *****************
 Defined at:
		line 66 in file "user.c"
 Parameters:    Size  Location     Type
		None
 Auto vars:     Size  Location     Type
  i               1    6[COMRAM] unsigned char 
 Return value:  Size  Location     Type
                  1    wreg      void 
 Registers used:
		wreg, fsr2l, fsr2h, status,2, status,0, prodl, prodh, cstack
 Tracked objects:
		On entry : 
		On exit  : 
		Unchanged: 
 Data sizes:     COMRAM   BANK0   BANK1   BANK2   BANK3   BANK4   BANK5
      Params:         0       0       0       0       0       0       0
      Locals:         1       0       0       0       0       0       0
      Temps:          0       0       0       0       0       0       0
      Totals:         1       0       0       0       0       0       0
Total ram usage:        1 bytes
 Hardware stack levels used:    1
 Hardware stack levels required when called:    3
 This function calls:
		_InitUartBuffer
		_PortBegin
 This function is called by:
		_main
 This function uses a non-reentrant model


 *************** function _PortBegin *****************
 Defined at:
		line 48 in file "user.c"
 Parameters:    Size  Location     Type
		None
 Auto vars:     Size  Location     Type
		None
 Return value:  Size  Location     Type
                  1    wreg      void 
 Registers used:
		wreg, status,2
 Tracked objects:
		On entry : 
		On exit  : 
		Unchanged: 
 Data sizes:     COMRAM   BANK0   BANK1   BANK2   BANK3   BANK4   BANK5
      Params:         0       0       0       0       0       0       0
      Locals:         0       0       0       0       0       0       0
      Temps:          0       0       0       0       0       0       0
      Totals:         0       0       0       0       0       0       0
Total ram usage:        0 bytes
 Hardware stack levels used:    1
 Hardware stack levels required when called:    2
 This function calls:
		Nothing
 This function is called by:
		_InitApp
 This function uses a non-reentrant model


 *************** function _InitUartBuffer *****************
 Defined at:
		line 44 in file "interrupts.c"
 Parameters:    Size  Location     Type
		None
 Auto vars:     Size  Location     Type
		None
 Return value:  Size  Location     Type
                  1    wreg      void 
 Registers used:
		None
 Tracked objects:
		On entry : 
		On exit  : 
		Unchanged: 
 Data sizes:     COMRAM   BANK0   BANK1   BANK2   BANK3   BANK4   BANK5
      Params:         0       0       0       0       0       0       0
      Locals:         0       0       0       0       0       0       0
      Temps:          0       0       0       0       0       0       0
      Totals:         0       0       0       0       0       0       0
Total ram usage:        0 bytes
 Hardware stack levels used:    1
 Hardware stack levels required when called:    2
 This function calls:
		Nothing
 This function is called by:
		_PortClearReadBuffer
		_InitApp
 This function uses a non-reentrant model


 *************** function _ConfigureOscillator *****************
 Defined at:
		line 86 in file "system.c"
 Parameters:    Size  Location     Type
		None
 Auto vars:     Size  Location     Type
		None
 Return value:  Size  Location     Type
                  1    wreg      void 
 Registers used:
		None
 Tracked objects:
		On entry : 
		On exit  : 
		Unchanged: 
 Data sizes:     COMRAM   BANK0   BANK1   BANK2   BANK3   BANK4   BANK5
      Params:         0       0       0       0       0       0       0
      Locals:         0       0       0       0       0       0       0
      Temps:          0       0       0       0       0       0       0
      Totals:         0       0       0       0       0       0       0
Total ram usage:        0 bytes
 Hardware stack levels used:    1
 Hardware stack levels required when called:    2
 This function calls:
		Nothing
 This function is called by:
		_main
 This function uses a non-reentrant model


 *************** function _AddSecond *****************
 Defined at:
		line 180 in file "user.c"
 Parameters:    Size  Location     Type
		None
 Auto vars:     Size  Location     Type
		None
 Return value:  Size  Location     Type
                  1    wreg      void 
 Registers used:
		wreg, status,2, status,0
 Tracked objects:
		On entry : 
		On exit  : 
		Unchanged: 
 Data sizes:     COMRAM   BANK0   BANK1   BANK2   BANK3   BANK4   BANK5
      Params:         0       0       0       0       0       0       0
      Locals:         0       0       0       0       0       0       0
      Temps:          0       0       0       0       0       0       0
      Totals:         0       0       0       0       0       0       0
Total ram usage:        0 bytes
 Hardware stack levels used:    1
 Hardware stack levels required when called:    2
 This function calls:
		Nothing
 This function is called by:
		_main
 This function uses a non-reentrant model


 *************** function _low_isr *****************
 Defined at:
		line 183 in file "interrupts.c"
 Parameters:    Size  Location     Type
		None
 Auto vars:     Size  Location     Type
  c               1    5[COMRAM] unsigned char 
 Return value:  Size  Location     Type
                  1    wreg      void 
 Registers used:
		wreg, fsr2l, fsr2h, status,2, status,0
 Tracked objects:
		On entry : 
		On exit  : 
		Unchanged: 
 Data sizes:     COMRAM   BANK0   BANK1   BANK2   BANK3   BANK4   BANK5
      Params:         0       0       0       0       0       0       0
      Locals:         1       0       0       0       0       0       0
      Temps:          5       0       0       0       0       0       0
      Totals:         6       0       0       0       0       0       0
Total ram usage:        6 bytes
 Hardware stack levels used:    1
 Hardware stack levels required when called:    1
 This function calls:
		Nothing
 This function is called by:
		Interrupt level 1
 This function uses a non-reentrant model


 *************** function _high_isr *****************
 Defined at:
		line 122 in file "interrupts.c"
 Parameters:    Size  Location     Type
		None
 Auto vars:     Size  Location     Type
		None
 Return value:  Size  Location     Type
                  1    wreg      void 
 Registers used:
		wreg, status,2, status,0
 Tracked objects:
		On entry : 
		On exit  : 
		Unchanged: 
 Data sizes:     COMRAM   BANK0   BANK1   BANK2   BANK3   BANK4   BANK5
      Params:         0       0       0       0       0       0       0
      Locals:         0       0       0       0       0       0       0
      Temps:          0       0       0       0       0       0       0
      Totals:         0       0       0       0       0       0       0
Total ram usage:        0 bytes
 Hardware stack levels used:    1
 This function calls:
		Nothing
 This function is called by:
		Interrupt level 2
 This function uses a non-reentrant model



MODULE INFORMATION

Module		Function		Class		Link	Load	Size
interrupts.c
		_millis        		CODE           	2CB0	0000	43
		_SetHourMin    		CODE           	17F0	0000	275
		_getHourMin    		CODE           	2C58	0000	45
		_high_isr      		CODE           	0008	0000	107
		_InitUartBuffer		CODE           	2E3A	0000	15
		_PortClearReadBuffer		CODE           	2E2C	0000	15
		_PortWrite     		CODE           	2B02	0000	63
		_PortRead      		CODE           	2BB8	0000	57
		_PortAvailable 		CODE           	2E54	0000	11
		_getTotalMinutes		CODE           	2D00	0000	39
		_low_isr       		CODE           	0018	0000	105

interrupts.c estimated size: 775

C:\Program Files (x86)\Microchip\xc8\v1.37\sources\common\lwdiv.c
		___lwdiv       		CODE           	282C	0000	85

C:\Program Files (x86)\Microchip\xc8\v1.37\sources\common\lwdiv.c estimated size: 85

C:\Program Files (x86)\Microchip\xc8\v1.37\sources\common\lbmod.c
		___lbmod       		CODE           	2C84	0000	45

C:\Program Files (x86)\Microchip\xc8\v1.37\sources\common\lbmod.c estimated size: 45

shared
		__initialization		CODE           	26AC	0000	87
		_fctsupported  		SMALLCONST     	0601	0000	16

shared estimated size: 103

C:\Program Files (x86)\Microchip\xc8\v1.37\sources\common\lbdiv.c
		___lbdiv       		CODE           	2AC4	0000	63

C:\Program Files (x86)\Microchip\xc8\v1.37\sources\common\lbdiv.c estimated size: 63

C:\Program Files (x86)\Microchip\xc8\v1.37\sources\common\mktime.c
		_mktime        		CODE           	0658	0000	787
		_isleap        		CODE           	2880	0000	77
		_months_to_days		CODE           	2A38	0000	71
		_ymd_to_scalar 		CODE           	22F0	0000	165
		_years_to_days 		CODE           	1A0C	0000	259

C:\Program Files (x86)\Microchip\xc8\v1.37\sources\common\mktime.c estimated size: 1359

user.c
		_AddSecond     		CODE           	2E0E	0000	17
		_PortBegin     		CODE           	2D9E	0000	27
		_GetTime       		CODE           	2E7E	0000	9
		_SetTime       		CODE           	2D66	0000	31
		_InitApp       		CODE           	24C4	0000	133

user.c estimated size: 217

main.c
		_CommandSetStatusLed		CODE           	2548	0000	127
		_ProcessUserCommands		CODE           	1C04	0000	227
		_LightStatusLed		CODE           	1B0E	0000	247
		_LightLed      		CODE           	096A	0000	755
		_SoundPlayNextStep		CODE           	201E	0000	189
		_main          		CODE           	12D2	0000	377
		_SwitchOffAllLeds		CODE           	2CDA	0000	39
		_UpdateLedRegister		CODE           	29F2	0000	71
		_StopPlaying   		CODE           	2E1E	0000	15
		_InitFromEeprom		CODE           	2190	0000	181
		_GetCurrentEventDiodeNum		CODE           	2E48	0000	13
		_ResetEvent    		CODE           	29AC	0000	71
		_PlaySound     		CODE           	1DC6	0000	209
		_ProcessDiary  		CODE           	1F60	0000	191
		_pwm_init      		CODE           	2DFC	0000	19
		_io_poll       		CODE           	2436	0000	143
		_ShowFailure   		CODE           	2D26	0000	33
		_LoadNextEvent 		CODE           	16D8	0000	281
		_ProcessLightBlock		CODE           	0EDA	0000	599
		_SetBuzzerDuty 		CODE           	2C26	0000	51

main.c estimated size: 3838

system.c
		_ConfigureOscillator		CODE           	2E86	0000	7

system.c estimated size: 7

C:\Program Files (x86)\Microchip\xc8\v1.37\sources\common\lwmod.c
		___lwmod       		CODE           	2964	0000	73

C:\Program Files (x86)\Microchip\xc8\v1.37\sources\common\lwmod.c estimated size: 73

ModbusRtu.c
		_ModbusProcess_FC1		CODE           	15AC	0000	301
		_ModbusProcess_FC3		CODE           	20DA	0000	183
		_ModbusGetUserCommandData		CODE           	2E66	0000	9
		_ModbusProcess_FC5		CODE           	2394	0000	163
		_ModbusProcess_FC6		CODE           	27D0	0000	93
		_ModbusProcess_FC21		CODE           	2244	0000	173
		_ModbusProcess_FC7		CODE           	2DD0	0000	25
		_ModbusSetExceptionStatusBit		CODE           	28CC	0000	77
		_ModbusProcess_FC100		CODE           	1CE6	0000	225
		_ModbusGetUserCommandId		CODE           	2E5E	0000	9
		_ModbusProcess_FC43		CODE           	144A	0000	355
		_ModbusProcess_FC101		CODE           	2BF0	0000	55
		_ModbusProcess_FC15		CODE           	1902	0000	267
		_ModbusProcess_FC16		CODE           	1E96	0000	203
		_ModbusGetLastCommand		CODE           	2B40	0000	61
		_ModbusProcess_FC102		CODE           	2D84	0000	27
		_ModbusProcess_FC17		CODE           	263A	0000	115
		_ModbusSendTxBuffer		CODE           	2918	0000	77
		_ModbusGetRxBufferHeader		CODE           	2B7C	0000	61
		_ModbusGetUserCommandAdditional1Hi		CODE           	2E76	0000	9
		_CopyStringToBuffer		CODE           	2710	0000	97
		_ModbusGetUserCommandAdditional1Lo		CODE           	2E6E	0000	9
		_Modbus        		CODE           	2DE8	0000	21
		_ModbusPoll    		CODE           	1130	0000	419
		_ModbusValidateRequest		CODE           	0C5C	0000	639
		_ModbusGetRxBuffer		CODE           	2A7E	0000	71
		_ModbusCalcCRC 		CODE           	25C6	0000	117
		_ModbusInit    		CODE           	2DB8	0000	25
		_ModbusBuildException		CODE           	2D46	0000	33

ModbusRtu.c estimated size: 3919

